 PhysXCooking_64

 Timestamp is 5c8bc676 (Fri Mar 15 11:36:22 2019)

 Preferred load address is 0000000180000000

 Start         Length     Name                   Class
 0001:00000000 00000ba0H .text$di                CODE
 0001:00000ba0 000504a0H .text$mn                CODE
 0001:00051040 00000020H .text$mn$00             CODE
 0001:00051060 000000f0H .text$x                 CODE
 0002:00000000 00000268H .idata$5                DATA
 0002:00000268 00000010H .00cfg                  DATA
 0002:00000278 00000008H .CRT$XCA                DATA
 0002:00000280 000001f0H .CRT$XCU                DATA
 0002:00000470 00000008H .CRT$XCZ                DATA
 0002:00000478 00000008H .CRT$XIA                DATA
 0002:00000480 00000008H .CRT$XIZ                DATA
 0002:00000488 00000008H .CRT$XPA                DATA
 0002:00000490 00000008H .CRT$XPZ                DATA
 0002:00000498 00000008H .CRT$XTA                DATA
 0002:000004a0 00000010H .CRT$XTZ                DATA
 0002:000004a8 00000000H .gfids$y                DATA
 0002:000004b0 00004e08H .rdata                  DATA
 0002:000052b8 00000074H .rdata$r                DATA
 0002:0000532c 000003bcH .rdata$zzzdbg           DATA
 0002:000056e8 00000008H .rtc$IAA                DATA
 0002:000056f0 000000a0H .rtc$IMZ                DATA
 0002:00005790 00000008H .rtc$IZZ                DATA
 0002:00005798 00000008H .rtc$TAA                DATA
 0002:000057a0 000000a0H .rtc$TMZ                DATA
 0002:00005840 00000008H .rtc$TZZ                DATA
 0002:00005848 000025ccH .xdata                  DATA
 0002:00007e14 00000040H .didat$2                DATA
 0002:00007e54 00000024H .didat$3                DATA
 0002:00007e78 00000220H .didat$4                DATA
 0002:00008098 00000d68H .didat$6                DATA
 0002:00008e00 00000220H .didat$7                DATA
 0002:00009020 00001d10H .edata                  DATA
 0002:0000ad30 0000003cH .idata$2                DATA
 0002:0000ad6c 00000014H .idata$3                DATA
 0002:0000ad80 00000268H .idata$4                DATA
 0002:0000afe8 00000572H .idata$6                DATA
 0003:00000000 00000068H .data                   DATA
 0003:00000068 00000328H .data$r                 DATA
 0003:00000390 00000220H .didat$5                DATA
 0003:000005b0 00000bd8H .bss                    DATA
 0004:00000000 00003528H .pdata                  DATA
 0005:00000000 000000a0H .rsrc$01                DATA
 0005:000000a0 000004b0H .rsrc$02                DATA

  Address         Publics by Value              Rva+Base               Lib:Object

 0000:00000000       __volatile_metadata        0000000000000000     <absolute>
 0000:00000000       ___safe_se_handler_table   0000000000000000     <absolute>
 0000:00000000       __guard_longjmp_count      0000000000000000     <absolute>
 0000:00000000       __hybrid_auxiliary_iat     0000000000000000     <absolute>
 0000:00000000       __guard_iat_table          0000000000000000     <absolute>
 0000:00000000       __hybrid_code_map_count    0000000000000000     <absolute>
 0000:00000000       __dynamic_value_reloc_table 0000000000000000     <absolute>
 0000:00000000       __guard_fids_count         0000000000000000     <absolute>
 0000:00000000       __guard_fids_table         0000000000000000     <absolute>
 0000:00000000       ___safe_se_handler_count   0000000000000000     <absolute>
 0000:00000000       __guard_longjmp_table      0000000000000000     <absolute>
 0000:00000000       __guard_iat_count          0000000000000000     <absolute>
 0000:00000000       __hybrid_code_map          0000000000000000     <absolute>
 0000:00000000       __enclave_config           0000000000000000     <absolute>
 0000:00000100       __guard_flags              0000000000000100     <absolute>
 0000:00000000       __ImageBase                0000000180000000     <linker-defined>
 0001:00000ba0       ?ComputeNbBoundaryEdges@AdjTriangle@physx@@QEBAIXZ 0000000180001ba0 f   Adjacencies.obj
 0001:00000c30       ?ComputeNbNeighbors@AdjTriangle@physx@@QEBAIXZ 0000000180001c30 f   Adjacencies.obj
 0001:00000cc0       ?HasNeighbor@AdjTriangle@physx@@QEBA_NIPEAI@Z 0000000180001cc0 f   Adjacencies.obj
 0001:00000dd0       ?Flip@AdjTriangle@physx@@QEAAXXZ 0000000180001dd0 f   Adjacencies.obj
 0001:00000e20       ??0Adjacencies@physx@@QEAA@XZ 0000000180001e20 f   Adjacencies.obj
 0001:00000e50       ??1Adjacencies@physx@@QEAA@XZ 0000000180001e50 f   Adjacencies.obj
 0001:00000eb0       ?Load@Adjacencies@physx@@QEAA_NAEAVPxInputStream@2@@Z 0000000180001eb0 f   Adjacencies.obj
 0001:00001040       ?ComputeNbBoundaryEdges@Adjacencies@physx@@QEBAIXZ 0000000180002040 f   Adjacencies.obj
 0001:000010c0       ?GetBoundaryVertices@Adjacencies@physx@@QEBA_NIPEA_NPEBU?$TriangleT@I@Gu@2@@Z 00000001800020c0 f   Adjacencies.obj
 0001:000013d0       ?MakeLastRef@Adjacencies@physx@@QEAA_NAEAVAdjTriangle@2@IPEAU?$TriangleT@I@Gu@2@@Z 00000001800023d0 f   Adjacencies.obj
 0001:00001730       ?AssignNewEdgeCode@Adjacencies@physx@@AEAAXIE@Z 0000000180002730 f   Adjacencies.obj
 0001:000017d0       ??0AdjacenciesBuilder@physx@@QEAA@XZ 00000001800027d0 f   Adjacencies.obj
 0001:00001800       ??1AdjacenciesBuilder@physx@@QEAA@XZ 0000000180002800 f   Adjacencies.obj
 0001:00001820       ?Init@AdjacenciesBuilder@physx@@QEAA_NAEBUADJACENCIESCREATE@2@@Z 0000000180002820 f   Adjacencies.obj
 0001:00002b20       ??$?_UI@@YAPEAX_KV?$ReflectionAllocator@I@shdfnd@physx@@PEBDH@Z 0000000180003b20 f i Adjacencies.obj
 0001:00002b60       ??$?_UV?$ReflectionAllocator@VAdjEdge@@@shdfnd@physx@@@UserAllocated@shdfnd@physx@@SAPEAX_KV?$ReflectionAllocator@VAdjEdge@@@12@PEBDH@Z 0000000180003b60 f i Adjacencies.obj
 0001:00002ba0       ??$?_UV?$ReflectionAllocator@VAdjTriangle@physx@@@shdfnd@physx@@@UserAllocated@shdfnd@physx@@SAPEAX_KV?$ReflectionAllocator@VAdjTriangle@physx@@@12@PEBDH@Z 0000000180003ba0 f i Adjacencies.obj
 0001:00002be0       ??$swap@I@shdfnd@physx@@YAXAEAI0@Z 0000000180003be0 f i Adjacencies.obj
 0001:00002c20       ??0?$ReflectionAllocator@I@shdfnd@physx@@QEAA@PEBD@Z 0000000180003c20 f i Adjacencies.obj
 0001:00002c30       ??0?$ReflectionAllocator@VAdjEdge@@@shdfnd@physx@@QEAA@PEBD@Z 0000000180003c30 f i Adjacencies.obj
 0001:00002c40       ??0?$ReflectionAllocator@VAdjTriangle@physx@@@shdfnd@physx@@QEAA@PEBD@Z 0000000180003c40 f i Adjacencies.obj
 0001:00002c50       ??0?$TriangleT@I@Gu@physx@@QEAA@XZ 0000000180003c50 f i Adjacencies.obj
 0001:00002c60       ??0AdjEdge@@QEAA@XZ        0000000180003c60 f i Adjacencies.obj
 0001:00002c70       ??0AdjTriangle@physx@@QEAA@XZ 0000000180003c70 f i Adjacencies.obj
 0001:00002c80       ??0Allocator@shdfnd@physx@@QEAA@PEBD@Z 0000000180003c80 f i Adjacencies.obj
 0001:00002c90       ??0EDGELISTCREATE@Gu@physx@@QEAA@XZ 0000000180003c90 f i Adjacencies.obj
 0001:00002d00       ??0NonTrackingAllocator@shdfnd@physx@@QEAA@PEBD@Z 0000000180003d00 f i Adjacencies.obj
 0001:00002d10       ??0PxFoundation@physx@@QEAA@AEBV01@@Z 0000000180003d10 f i Adjacencies.obj
 0001:00002d30       ??0PxFoundation@physx@@QEAA@XZ 0000000180003d30 f i Adjacencies.obj
 0001:00002d50       ??1AdjEdge@@QEAA@XZ        0000000180003d50 f i Adjacencies.obj
 0001:00002d60       ??1AdjTriangle@physx@@QEAA@XZ 0000000180003d60 f i Adjacencies.obj
 0001:00002d70       ??1PxFoundation@physx@@MEAA@XZ 0000000180003d70 f i Adjacencies.obj
 0001:00002d90       ??3UserAllocated@shdfnd@physx@@SAXPEAX@Z 0000000180003d90 f i Adjacencies.obj
 0001:00002dc0       ??4Allocator@shdfnd@physx@@QEAAAEAV012@$$QEAV012@@Z 0000000180003dc0 f i Adjacencies.obj
 0001:00002dd0       ??4Allocator@shdfnd@physx@@QEAAAEAV012@AEBV012@@Z 0000000180003dd0 f i Adjacencies.obj
 0001:00002de0       ??4MutexImpl@shdfnd@physx@@QEAAAEAV012@AEBV012@@Z 0000000180003de0 f i Adjacencies.obj
 0001:00002df0       ??4PxFoundation@physx@@QEAAAEAV01@AEBV01@@Z 0000000180003df0 f i Adjacencies.obj
 0001:00002e00       ??_EAdjEdge@@QEAAPEAXI@Z   0000000180003e00 f i Adjacencies.obj
 0001:00002ee0       ??_EAdjTriangle@physx@@QEAAPEAXI@Z 0000000180003ee0 f i Adjacencies.obj
 0001:00002fc0       ??_EPxFoundation@physx@@MEAAPEAXI@Z 0000000180003fc0 f i Adjacencies.obj
 0001:00003060       ??_FAllocator@shdfnd@physx@@QEAAXXZ 0000000180004060 f i Adjacencies.obj
 0001:00003080       ??_FNamedAllocator@shdfnd@physx@@QEAAXXZ 0000000180004080 f i Adjacencies.obj
 0001:000030a0       ??_GPxFoundation@physx@@MEAAPEAXI@Z 00000001800040a0 f i Adjacencies.obj
 0001:000030e0       ??_H@YAXPEAX_K1P6APEAX0@Z@Z 00000001800040e0 f i Adjacencies.obj
 0001:00003160       ??_I@YAXPEAX_K1P6AX0@Z@Z   0000000180004160 f i Adjacencies.obj
 0001:000031f0       ??_VUserAllocated@shdfnd@physx@@SAXPEAX@Z 00000001800041f0 f i Adjacencies.obj
 0001:00003220       ?GetNbHits@RadixSort@Cm@physx@@QEBAIXZ 0000000180004220 f i Adjacencies.obj
 0001:00003230       ?GetNbTotalCalls@RadixSort@Cm@physx@@QEBAIXZ 0000000180004230 f i Adjacencies.obj
 0001:00003240       ?GetRanks@RadixSort@Cm@physx@@QEBAPEBIXZ 0000000180004240 f i Adjacencies.obj
 0001:00003250       ?GetRecyclable@RadixSort@Cm@physx@@QEBAPEAIXZ 0000000180004250 f i Adjacencies.obj
 0001:00003260       ?HasActiveEdge01@AdjTriangle@physx@@QEBAHXZ 0000000180004260 f i Adjacencies.obj
 0001:00003280       ?HasActiveEdge01@EdgeTriangleAC@Gu@physx@@SAHAEBUEdgeTriangleData@23@@Z 0000000180004280 f i Adjacencies.obj
 0001:000032a0       ?HasActiveEdge12@AdjTriangle@physx@@QEBAHXZ 00000001800042a0 f i Adjacencies.obj
 0001:000032c0       ?HasActiveEdge12@EdgeTriangleAC@Gu@physx@@SAHAEBUEdgeTriangleData@23@@Z 00000001800042c0 f i Adjacencies.obj
 0001:000032e0       ?HasActiveEdge20@AdjTriangle@physx@@QEBAHXZ 00000001800042e0 f i Adjacencies.obj
 0001:00003300       ?HasActiveEdge20@EdgeTriangleAC@Gu@physx@@SAHAEBUEdgeTriangleData@23@@Z 0000000180004300 f i Adjacencies.obj
 0001:00003320       ?PxMemZero@physx@@YAPEAXPEAXI@Z 0000000180004320 f i Adjacencies.obj
 0001:00003340       ?__empty_global_delete@@YAXPEAX@Z 0000000180004340 f i Adjacencies.obj
 0001:00003350       ?__empty_global_delete@@YAXPEAX_K@Z 0000000180004350 f i Adjacencies.obj
 0001:00003360       ?allocate@?$ReflectionAllocator@I@shdfnd@physx@@QEAAPEAX_KPEBDH@Z 0000000180004360 f i Adjacencies.obj
 0001:000033e0       ?allocate@?$ReflectionAllocator@VAdjEdge@@@shdfnd@physx@@QEAAPEAX_KPEBDH@Z 00000001800043e0 f i Adjacencies.obj
 0001:00003460       ?allocate@?$ReflectionAllocator@VAdjTriangle@physx@@@shdfnd@physx@@QEAAPEAX_KPEBDH@Z 0000000180004460 f i Adjacencies.obj
 0001:000034e0       ?deallocate@NonTrackingAllocator@shdfnd@physx@@QEAAXPEAX@Z 00000001800044e0 f i Adjacencies.obj
 0001:00003520       ?findEdge@?$TriangleT@I@Gu@physx@@QEBAEII@Z 0000000180004520 f i Adjacencies.obj
 0001:00003680       ?getAllocator@Foundation@shdfnd@physx@@QEAAAEAVPxAllocatorCallback@3@XZ 0000000180004680 f i Adjacencies.obj
 0001:00003690       ?getAllocatorCallback@Foundation@shdfnd@physx@@UEAAAEAVPxAllocatorCallback@3@XZ 0000000180004690 f i Adjacencies.obj
 0001:000036a0       ?getEdgeTriangle@EdgeList@Gu@physx@@QEBAAEBUEdgeTriangleData@23@I@Z 00000001800046a0 f i Adjacencies.obj
 0001:000036c0       ?getErrorCallback@Foundation@shdfnd@physx@@UEAAAEAVPxErrorCallback@3@XZ 00000001800046c0 f i Adjacencies.obj
 0001:000036d0       ?getErrorLevel@Foundation@shdfnd@physx@@UEBA?AW4Enum@PxErrorCode@3@XZ 00000001800046d0 f i Adjacencies.obj
 0001:000036f0       ?getFoundation@shdfnd@physx@@YAAEAVFoundation@12@XZ 00000001800046f0 f i Adjacencies.obj
 0001:00003700       ?getInternalErrorCallback@Foundation@shdfnd@physx@@QEAAAEAVPxErrorCallback@3@XZ 0000000180004700 f i Adjacencies.obj
 0001:00003720       ?getName@?$ReflectionAllocator@I@shdfnd@physx@@CAPEBDXZ 0000000180004720 f i Adjacencies.obj
 0001:00003760       ?getName@?$ReflectionAllocator@VAdjEdge@@@shdfnd@physx@@CAPEBDXZ 0000000180004760 f i Adjacencies.obj
 0001:000037a0       ?getName@?$ReflectionAllocator@VAdjTriangle@physx@@@shdfnd@physx@@CAPEBDXZ 00000001800047a0 f i Adjacencies.obj
 0001:000037e0       ?getNamedAllocMap@Foundation@shdfnd@physx@@QEAAAEAV?$HashMap@PEBVNamedAllocator@shdfnd@physx@@PEBDU?$Hash@PEBVNamedAllocator@shdfnd@physx@@@23@VNonTrackingAllocator@23@@23@XZ 00000001800047e0 f i Adjacencies.obj
 0001:00003800       ?getNamedAllocMutex@Foundation@shdfnd@physx@@QEAAAEAV?$MutexT@VAllocator@shdfnd@physx@@@23@XZ 0000000180004800 f i Adjacencies.obj
 0001:00003820       ?getReportAllocationNames@Foundation@shdfnd@physx@@UEBA_NXZ 0000000180004820 f i Adjacencies.obj
 0001:00003840       ?getTempAllocFreeTable@Foundation@shdfnd@physx@@QEAAAEAV?$Array@PEATTempAllocatorChunk@shdfnd@physx@@VAllocator@23@@23@XZ 0000000180004840 f i Adjacencies.obj
 0001:00003860       ?getTempAllocMutex@Foundation@shdfnd@physx@@QEAAAEAV?$MutexT@VAllocator@shdfnd@physx@@@23@XZ 0000000180004860 f i Adjacencies.obj
 0001:00003880       ?invalidateRanks@RadixSort@Cm@physx@@QEAAXXZ 0000000180004880 f i Adjacencies.obj
 0001:000038a0       ?memZero@intrinsics@physx@@YAPEAXPEAXI@Z 00000001800048a0 f i Adjacencies.obj
 0001:000038d0       ?name@type_info@@QEBAPEBDXZ 00000001800048d0 f i Adjacencies.obj
 0001:00003900       ?setErrorLevel@Foundation@shdfnd@physx@@UEAAXW4Enum@PxErrorCode@3@@Z 0000000180004900 f i Adjacencies.obj
 0001:00003920       ?setReportAllocationNames@Foundation@shdfnd@physx@@UEAAX_N@Z 0000000180004920 f i Adjacencies.obj
 0001:00003940       PxCreateCooking            0000000180004940 f   Cooking.obj
 0001:00003a30       ?release@Cooking@physx@@UEAAXXZ 0000000180004a30 f   Cooking.obj
 0001:00003a90       ?setParams@Cooking@physx@@UEAAXAEBUPxCookingParams@2@@Z 0000000180004a90 f   Cooking.obj
 0001:00003ac0       ?getParams@Cooking@physx@@UEBAAEBUPxCookingParams@2@XZ 0000000180004ac0 f   Cooking.obj
 0001:00003ae0       ?platformMismatch@Cooking@physx@@UEBA_NXZ 0000000180004ae0 f   Cooking.obj
 0001:00003b30       ?cookTriangleMesh@Cooking@physx@@UEBA_NAEBVPxTriangleMeshDesc@2@AEAVPxOutputStream@2@PEAW4Enum@PxTriangleMeshCookingResult@2@@Z 0000000180004b30 f   Cooking.obj
 0001:00003c40       ?createTriangleMesh@Cooking@physx@@UEBAPEAVPxTriangleMesh@2@AEBVPxTriangleMeshDesc@2@AEAVPxPhysicsInsertionCallback@2@PEAW4Enum@PxTriangleMeshCookingResult@2@@Z 0000000180004c40 f   Cooking.obj
 0001:00003d50       ?validateTriangleMesh@Cooking@physx@@UEBA_NAEBVPxTriangleMeshDesc@2@@Z 0000000180004d50 f   Cooking.obj
 0001:00003e20       ?cookConvexMesh@Cooking@physx@@UEBA_NAEBVPxConvexMeshDesc@2@AEAVPxOutputStream@2@PEAW4Enum@PxConvexMeshCookingResult@2@@Z 0000000180004e20 f   Cooking.obj
 0001:00004180       ?createConvexMesh@Cooking@physx@@UEBAPEAVPxConvexMesh@2@AEBVPxConvexMeshDesc@2@AEAVPxPhysicsInsertionCallback@2@PEAW4Enum@PxConvexMeshCookingResult@2@@Z 0000000180005180 f   Cooking.obj
 0001:000045d0       ?validateConvexMesh@Cooking@physx@@UEBA_NAEBVPxConvexMeshDesc@2@@Z 00000001800055d0 f   Cooking.obj
 0001:00004650       ?computeHullPolygons@Cooking@physx@@UEBA_NAEBVPxSimpleTriangleMesh@2@AEAVPxAllocatorCallback@2@AEAIAEAPEAVPxVec3@2@2AEAPEAI2AEAPEAUPxHullPolygon@2@@Z 0000000180005650 f   Cooking.obj
 0001:00004920       ?cookHeightField@Cooking@physx@@UEBA_NAEBVPxHeightFieldDesc@2@AEAVPxOutputStream@2@@Z 0000000180005920 f   Cooking.obj
 0001:00004a80       ?createHeightField@Cooking@physx@@UEBAPEAVPxHeightField@2@AEBVPxHeightFieldDesc@2@AEAVPxPhysicsInsertionCallback@2@@Z 0000000180005a80 f   Cooking.obj
 0001:00004da0       ?cookBVHStructure@Cooking@physx@@UEBA_NAEBVPxBVHStructureDesc@2@AEAVPxOutputStream@2@@Z 0000000180005da0 f   Cooking.obj
 0001:00004ec0       ?createBVHStructure@Cooking@physx@@UEBAPEAVPxBVHStructure@2@AEBVPxBVHStructureDesc@2@AEAVPxPhysicsInsertionCallback@2@@Z 0000000180005ec0 f   Cooking.obj
 0001:00004ff0       ?cookConvexMeshInternal@Cooking@physx@@AEBA_NAEBVPxConvexMeshDesc@2@AEAVConvexMeshBuilder@2@PEAVConvexHullLib@2@PEAW4Enum@PxConvexMeshCookingResult@2@@Z 0000000180005ff0 f   Cooking.obj
 0001:00005310       ?cookTriangleMesh@Cooking@physx@@AEBA_NAEAVTriangleMeshBuilder@2@AEBVPxTriangleMeshDesc@2@AEAVPxOutputStream@2@PEAW4Enum@PxTriangleMeshCookingResult@2@@Z 0000000180006310 f   Cooking.obj
 0001:000053f0       ?createTriangleMesh@Cooking@physx@@AEBAPEAVPxTriangleMesh@2@AEAVTriangleMeshBuilder@2@AEBVPxTriangleMeshDesc@2@AEAVPxPhysicsInsertionCallback@2@PEAW4Enum@PxTriangleMeshCookingResult@2@@Z 00000001800063f0 f   Cooking.obj
 0001:000055c0       ??$?2V?$ReflectionAllocator@VCooking@physx@@@shdfnd@physx@@@UserAllocated@shdfnd@physx@@SAPEAX_KV?$ReflectionAllocator@VCooking@physx@@@12@PEBDH@Z 00000001800065c0 f i Cooking.obj
 0001:00005600       ??$?2V?$ReflectionAllocator@VQuickHullConvexHullLib@physx@@@shdfnd@physx@@@UserAllocated@shdfnd@physx@@SAPEAX_KV?$ReflectionAllocator@VQuickHullConvexHullLib@physx@@@12@PEBDH@Z 0000000180006600 f i Cooking.obj
 0001:00005640       ??$PX_UNUSED@VPxFoundation@physx@@@@YAXAEBVPxFoundation@physx@@@Z 0000000180006640 f i Cooking.obj
 0001:00005650       ??$PX_UNUSED@W4PxIDENTITY@physx@@@@YAXAEBW4PxIDENTITY@physx@@@Z 0000000180006650 f i Cooking.obj
 0001:00005660       ??$PxMax@I@physx@@YAIII@Z  0000000180006660 f i Cooking.obj
 0001:00005690       ??$PxMin@G@physx@@YAGGG@Z  0000000180006690 f i Cooking.obj
 0001:000056d0       ??0?$PxBitAndDataT@G$0IAAA@@physx@@QEAA@W4PxEMPTY@1@@Z 00000001800066d0 f i Cooking.obj
 0001:000056e0       ??0?$PxBitAndDataT@G$0IAAA@@physx@@QEAA@XZ 00000001800066e0 f i Cooking.obj
 0001:00005700       ??0?$PxBitAndDataT@I$0IAAAAAAA@@physx@@QEAA@I_N@Z 0000000180006700 f i Cooking.obj
 0001:00005750       ??0?$PxBitAndDataT@I$0IAAAAAAA@@physx@@QEAA@W4PxEMPTY@1@@Z 0000000180006750 f i Cooking.obj
 0001:00005760       ??0?$PxFlags@W4Enum@PxBaseFlag@physx@@G@physx@@QEAA@AEBV01@@Z 0000000180006760 f i Cooking.obj
 0001:00005780       ??0?$PxFlags@W4Enum@PxConvexFlag@physx@@G@physx@@QEAA@AEBV01@@Z 0000000180006780 f i Cooking.obj
 0001:000057a0       ??0?$PxFlags@W4Enum@PxConvexFlag@physx@@G@physx@@QEAA@W4Enum@PxConvexFlag@1@@Z 00000001800067a0 f i Cooking.obj
 0001:000057c0       ??0?$PxFlags@W4Enum@PxConvexFlag@physx@@G@physx@@QEAA@XZ 00000001800067c0 f i Cooking.obj
 0001:000057e0       ??0?$PxFlags@W4Enum@PxHeightFieldFlag@physx@@G@physx@@QEAA@AEBV01@@Z 00000001800067e0 f i Cooking.obj
 0001:00005800       ??0?$PxFlags@W4Enum@PxHeightFieldFlag@physx@@G@physx@@QEAA@W4PxEMPTY@1@@Z 0000000180006800 f i Cooking.obj
 0001:00005810       ??0?$PxFlags@W4Enum@PxHeightFieldFlag@physx@@G@physx@@QEAA@XZ 0000000180006810 f i Cooking.obj
 0001:00005830       ??0?$PxFlags@W4Enum@PxMeshFlag@physx@@G@physx@@QEAA@AEBV01@@Z 0000000180006830 f i Cooking.obj
 0001:00005850       ??0?$PxFlags@W4Enum@PxMeshPreprocessingFlag@physx@@I@physx@@QEAA@AEBV01@@Z 0000000180006850 f i Cooking.obj
 0001:00005870       ??0?$ReflectionAllocator@VCooking@physx@@@shdfnd@physx@@QEAA@PEBD@Z 0000000180006870 f i Cooking.obj
 0001:00005880       ??0?$ReflectionAllocator@VHeightField@Gu@physx@@@shdfnd@physx@@QEAA@PEBD@Z 0000000180006880 f i Cooking.obj
 0001:00005890       ??0?$ReflectionAllocator@VQuickHullConvexHullLib@physx@@@shdfnd@physx@@QEAA@PEBD@Z 0000000180006890 f i Cooking.obj
 0001:000058a0       ??0CenterExtents@Gu@physx@@QEAA@AEBV012@@Z 00000001800068a0 f i Cooking.obj
 0001:000058f0       ??0CenterExtents@Gu@physx@@QEAA@XZ 00000001800068f0 f i Cooking.obj
 0001:00005930       ??0ConvexHullData@Gu@physx@@QEAA@W4PxEMPTY@2@@Z 0000000180006930 f i Cooking.obj
 0001:00005980       ??0ConvexHullData@Gu@physx@@QEAA@XZ 0000000180006980 f i Cooking.obj
 0001:000059d0       ??0ConvexMesh@Gu@physx@@QEAA@V?$PxFlags@W4Enum@PxBaseFlag@physx@@G@2@@Z 00000001800069d0 f i Cooking.obj
 0001:00005a90       ??0Cooking@physx@@QEAA@AEBUPxCookingParams@1@@Z 0000000180006a90 f i Cooking.obj
 0001:00005ae0       ??0DebugText@Cm@physx@@QEAA@$$QEAU012@@Z 0000000180006ae0 f i Cooking.obj
 0001:00005b50       ??0DebugText@Cm@physx@@QEAA@AEBU012@@Z 0000000180006b50 f i Cooking.obj
 0001:00005bc0       ??0HeightFieldData@Gu@physx@@QEAA@$$QEAU012@@Z 0000000180006bc0 f i Cooking.obj
 0001:00005ca0       ??0HeightFieldData@Gu@physx@@QEAA@AEBU012@@Z 0000000180006ca0 f i Cooking.obj
 0001:00005d80       ??0HeightFieldData@Gu@physx@@QEAA@W4PxEMPTY@2@@Z 0000000180006d80 f i Cooking.obj
 0001:00005dc0       ??0HeightFieldData@Gu@physx@@QEAA@XZ 0000000180006dc0 f i Cooking.obj
 0001:00005e00       ??0PxBase@physx@@IEAA@V?$PxFlags@W4Enum@PxBaseFlag@physx@@G@1@@Z 0000000180006e00 f i Cooking.obj
 0001:00005e40       ??0PxConvexMesh@physx@@IEAA@V?$PxFlags@W4Enum@PxBaseFlag@physx@@G@1@@Z 0000000180006e40 f i Cooking.obj
 0001:00005e90       ??0PxConvexMeshDesc@physx@@QEAA@AEBV01@@Z 0000000180006e90 f i Cooking.obj
 0001:00005f30       ??0PxCooking@physx@@QEAA@XZ 0000000180006f30 f i Cooking.obj
 0001:00005f50       ??0PxCookingParams@physx@@QEAA@AEBU01@@Z 0000000180006f50 f i Cooking.obj
 0001:00006040       ??0PxDebugLine@physx@@QEAA@AEBU01@@Z 0000000180007040 f i Cooking.obj
 0001:000060b0       ??0PxMat33@physx@@QEAA@XZ  00000001800070b0 f i Cooking.obj
 0001:00006100       ??0PxMat44@physx@@QEAA@AEBV01@@Z 0000000180007100 f i Cooking.obj
 0001:00006180       ??0PxMat44@physx@@QEAA@W4PxIDENTITY@1@@Z 0000000180007180 f i Cooking.obj
 0001:00006240       ??0PxVec3@physx@@QEAA@AEBV01@@Z 0000000180007240 f i Cooking.obj
 0001:00006290       ??0PxVec3@physx@@QEAA@M@Z  0000000180007290 f i Cooking.obj
 0001:000062d0       ??0PxVec3@physx@@QEAA@MMM@Z 00000001800072d0 f i Cooking.obj
 0001:00006320       ??0PxVec3@physx@@QEAA@XZ   0000000180007320 f i Cooking.obj
 0001:00006330       ??0PxVec4@physx@@QEAA@AEBV01@@Z 0000000180007330 f i Cooking.obj
 0001:00006390       ??0PxVec4@physx@@QEAA@MMMM@Z 0000000180007390 f i Cooking.obj
 0001:000063f0       ??0RefCountable@Cm@physx@@QEAA@W4PxEMPTY@2@@Z 00000001800073f0 f i Cooking.obj
 0001:00006420       ??0RenderOutput@Cm@physx@@QEAA@AEAVRenderBuffer@12@@Z 0000000180007420 f i Cooking.obj
 0001:000064b0       ??0RenderOutput@Cm@physx@@QEAA@AEBV012@@Z 00000001800074b0 f i Cooking.obj
 0001:00006560       ??1CenterExtents@Gu@physx@@QEAA@XZ 0000000180007560 f i Cooking.obj
 0001:00006570       ??1ConvexHullData@Gu@physx@@QEAA@XZ 0000000180007570 f i Cooking.obj
 0001:00006590       ??1Cooking@physx@@UEAA@XZ  0000000180007590 f i Cooking.obj
 0001:000065b0       ??1HeightFieldData@Gu@physx@@QEAA@XZ 00000001800075b0 f i Cooking.obj
 0001:000065d0       ??1PxBase@physx@@MEAA@XZ   00000001800075d0 f i Cooking.obj
 0001:000065f0       ??1PxConvexMesh@physx@@MEAA@XZ 00000001800075f0 f i Cooking.obj
 0001:00006620       ??1PxCooking@physx@@MEAA@XZ 0000000180007620 f i Cooking.obj
 0001:00006640       ??1PxHeightField@physx@@MEAA@XZ 0000000180007640 f i Cooking.obj
 0001:00006670       ??1RefCountable@Cm@physx@@UEAA@XZ 0000000180007670 f i Cooking.obj
 0001:00006690       ??2@YAPEAX_KPEAX@Z         0000000180007690 f i Cooking.obj
 0001:000066a0       ??2UserAllocated@shdfnd@physx@@SAPEAX_KPEAX@Z 00000001800076a0 f i Cooking.obj
 0001:000066b0       ??4?$PxFlags@W4Enum@PxHeightFieldFlag@physx@@G@physx@@QEAAAEAV01@AEBV01@@Z 00000001800076b0 f i Cooking.obj
 0001:000066d0       ??4?$PxFlags@W4Enum@PxMeshPreprocessingFlag@physx@@I@physx@@QEAAAEAV01@AEBV01@@Z 00000001800076d0 f i Cooking.obj
 0001:000066f0       ??4CenterExtents@Gu@physx@@QEAAAEAV012@AEBV012@@Z 00000001800076f0 f i Cooking.obj
 0001:00006740       ??4DebugText@Cm@physx@@QEAAAEAU012@$$QEAU012@@Z 0000000180007740 f i Cooking.obj
 0001:000067e0       ??4DebugText@Cm@physx@@QEAAAEAU012@AEBU012@@Z 00000001800077e0 f i Cooking.obj
 0001:00006880       ??4FPUGuard@shdfnd@physx@@QEAAAEAV012@AEBV012@@Z 0000000180007880 f i Cooking.obj
 0001:000068b0       ??4HeightFieldData@Gu@physx@@QEAAAEAU012@$$QEAU012@@Z 00000001800078b0 f i Cooking.obj
 0001:00006990       ??4HeightFieldData@Gu@physx@@QEAAAEAU012@AEBU012@@Z 0000000180007990 f i Cooking.obj
 0001:00006a70       ??4PxCookingParams@physx@@QEAAAEAU01@AEBU01@@Z 0000000180007a70 f i Cooking.obj
 0001:00006b60       ??4PxMat33@physx@@QEAAAEAV01@AEBV01@@Z 0000000180007b60 f i Cooking.obj
 0001:00006bc0       ??4PxVec3@physx@@QEAAAEAV01@AEBV01@@Z 0000000180007bc0 f i Cooking.obj
 0001:00006c10       ??9?$PxFlags@W4Enum@PxHeightFieldFlag@physx@@G@physx@@QEBA_NAEBV01@@Z 0000000180007c10 f i Cooking.obj
 0001:00006c50       ??B?$PxBitAndDataT@E$0IA@@physx@@QEBAEXZ 0000000180007c50 f i Cooking.obj
 0001:00006c70       ??B?$PxBitAndDataT@G$0IAAA@@physx@@QEBAGXZ 0000000180007c70 f i Cooking.obj
 0001:00006c90       ??B?$PxFlags@W4Enum@PxBaseFlag@physx@@G@physx@@QEBA_NXZ 0000000180007c90 f i Cooking.obj
 0001:00006cc0       ??B?$PxFlags@W4Enum@PxConvexFlag@physx@@G@physx@@QEBA_NXZ 0000000180007cc0 f i Cooking.obj
 0001:00006cf0       ??B?$PxFlags@W4Enum@PxMeshFlag@physx@@G@physx@@QEBA_NXZ 0000000180007cf0 f i Cooking.obj
 0001:00006d20       ??B?$PxFlags@W4Enum@PxMeshPreprocessingFlag@physx@@I@physx@@QEBA_NXZ 0000000180007d20 f i Cooking.obj
 0001:00006d50       ??I?$PxFlags@W4Enum@PxBaseFlag@physx@@G@physx@@QEBA?AV01@W4Enum@PxBaseFlag@1@@Z 0000000180007d50 f i Cooking.obj
 0001:00006da0       ??I?$PxFlags@W4Enum@PxConvexFlag@physx@@G@physx@@QEBA?AV01@W4Enum@PxConvexFlag@1@@Z 0000000180007da0 f i Cooking.obj
 0001:00006df0       ??I?$PxFlags@W4Enum@PxHeightFieldFlag@physx@@G@physx@@QEBA?AV01@W4Enum@PxHeightFieldFlag@1@@Z 0000000180007df0 f i Cooking.obj
 0001:00006e40       ??I?$PxFlags@W4Enum@PxMeshFlag@physx@@G@physx@@QEBA?AV01@W4Enum@PxMeshFlag@1@@Z 0000000180007e40 f i Cooking.obj
 0001:00006e90       ??I?$PxFlags@W4Enum@PxMeshPreprocessingFlag@physx@@I@physx@@QEBA?AV01@W4Enum@PxMeshPreprocessingFlag@1@@Z 0000000180007e90 f i Cooking.obj
 0001:00006ee0       ??S?$PxFlags@W4Enum@PxConvexFlag@physx@@G@physx@@QEBA?AV01@XZ 0000000180007ee0 f i Cooking.obj
 0001:00006f20       ??Sphysx@@YA?AV?$PxFlags@W4Enum@PxConvexFlag@physx@@G@0@W4Enum@PxConvexFlag@0@@Z 0000000180007f20 f i Cooking.obj
 0001:00006f60       ??_4?$PxFlags@W4Enum@PxConvexFlag@physx@@G@physx@@QEAAAEAV01@AEBV01@@Z 0000000180007f60 f i Cooking.obj
 0001:00006f90       ??_EConvexMesh@Gu@physx@@UEAAPEAXI@Z 0000000180007f90 f i Cooking.obj
 0001:00007068       ??_EConvexMesh@Gu@physx@@WBA@EAAPEAXI@Z 0000000180008068 f i Cooking.obj
 0001:00007080       ??_EPxConvexMesh@physx@@MEAAPEAXI@Z 0000000180008080 f i Cooking.obj
 0001:00007120       ??_EPxHeightField@physx@@MEAAPEAXI@Z 0000000180008120 f i Cooking.obj
 0001:000071c0       ??_GCooking@physx@@UEAAPEAXI@Z 00000001800081c0 f i Cooking.obj
 0001:000071c0       ??_ECooking@physx@@UEAAPEAXI@Z 00000001800081c0 f i Cooking.obj
 0001:00007220       ??_EPxBase@physx@@MEAAPEAXI@Z 0000000180008220 f i Cooking.obj
 0001:00007220       ??_GPxBase@physx@@MEAAPEAXI@Z 0000000180008220 f i Cooking.obj
 0001:00007260       ??_EPxCooking@physx@@MEAAPEAXI@Z 0000000180008260 f i Cooking.obj
 0001:00007260       ??_GPxCooking@physx@@MEAAPEAXI@Z 0000000180008260 f i Cooking.obj
 0001:000072a0       ??_ERefCountable@Cm@physx@@UEAAPEAXI@Z 00000001800082a0 f i Cooking.obj
 0001:000072a0       ??_GRefCountable@Cm@physx@@UEAAPEAXI@Z 00000001800082a0 f i Cooking.obj
 0001:000072e0       ?FLoad@aos@shdfnd@physx@@YA?AT__m128@@M@Z 00000001800082e0 f i Cooking.obj
 0001:00007310       ?PxMemCopy@physx@@YAPEAXPEAXPEBXI@Z 0000000180008310 f i Cooking.obj
 0001:00007340       ?V3Load@aos@shdfnd@physx@@YA?AT__m128@@M@Z 0000000180008340 f i Cooking.obj
 0001:00007380       ?V4Load@aos@shdfnd@physx@@YA?AT__m128@@M@Z 0000000180008380 f i Cooking.obj
 0001:000073b0       ?allocate@?$Array@UPxDebugLine@physx@@VNamedAllocator@shdfnd@2@@shdfnd@physx@@IEAAPEAUPxDebugLine@3@I@Z 00000001800083b0 f i Cooking.obj
 0001:00007440       ?allocate@?$ReflectionAllocator@VCooking@physx@@@shdfnd@physx@@QEAAPEAX_KPEBDH@Z 0000000180008440 f i Cooking.obj
 0001:000074c0       ?allocate@?$ReflectionAllocator@VHeightField@Gu@physx@@@shdfnd@physx@@QEAAPEAX_KPEBDH@Z 00000001800084c0 f i Cooking.obj
 0001:00007540       ?allocate@?$ReflectionAllocator@VQuickHullConvexHullLib@physx@@@shdfnd@physx@@QEAAPEAX_KPEBDH@Z 0000000180008540 f i Cooking.obj
 0001:000075c0       ?capacity@?$Array@UPxDebugLine@physx@@VNamedAllocator@shdfnd@2@@shdfnd@physx@@QEBAIXZ 00000001800085c0 f i Cooking.obj
 0001:000075e0       ?copy@?$Array@UPxDebugLine@physx@@VNamedAllocator@shdfnd@2@@shdfnd@physx@@KAXPEAUPxDebugLine@3@0PEBU43@@Z 00000001800085e0 f i Cooking.obj
 0001:00007660       ?deallocate@?$Array@UPxDebugLine@physx@@VNamedAllocator@shdfnd@2@@shdfnd@physx@@IEAAXPEAX@Z 0000000180008660 f i Cooking.obj
 0001:00007690       ?destroy@?$Array@UPxDebugLine@physx@@VNamedAllocator@shdfnd@2@@shdfnd@physx@@KAXPEAUPxDebugLine@3@0@Z 0000000180008690 f i Cooking.obj
 0001:000076c0       ?end@?$Array@UPxDebugLine@physx@@VNamedAllocator@shdfnd@2@@shdfnd@physx@@QEAAPEAUPxDebugLine@3@XZ 00000001800086c0 f i Cooking.obj
 0001:000076e0       ?forceSize_Unsafe@?$Array@UPxDebugLine@physx@@VNamedAllocator@shdfnd@2@@shdfnd@physx@@QEAAXI@Z 00000001800086e0 f i Cooking.obj
 0001:00007760       ?fsel@intrinsics@physx@@YAMMMM@Z 0000000180008760 f i Cooking.obj
 0001:000077b0       ?gatherStrided@Cooking@physx@@SAXPEBXPEAXIII@Z 00000001800087b0 f i Cooking.obj
 0001:00007840       ?getBigConvexData@ConvexMeshBuilder@physx@@QEBAPEAVBigConvexData@2@XZ 0000000180008840 f i Cooking.obj
 0001:00007860       ?getConcreteTypeName@PxConvexMesh@physx@@UEBAPEBDXZ 0000000180008860 f i Cooking.obj
 0001:00007870       ?getConcreteTypeName@PxHeightField@physx@@UEBAPEBDXZ 0000000180008870 f i Cooking.obj
 0001:00007880       ?getConvexEdgeThreshold@HeightField@Gu@physx@@UEBAMXZ 0000000180008880 f i Cooking.obj
 0001:00007890       ?getFlags@HeightField@Gu@physx@@UEBA?AV?$PxFlags@W4Enum@PxHeightFieldFlag@physx@@G@3@XZ 0000000180008890 f i Cooking.obj
 0001:000078c0       ?getFormat@HeightField@Gu@physx@@UEBA?AW4Enum@PxHeightFieldFormat@3@XZ 00000001800088c0 f i Cooking.obj
 0001:000078d0       ?getHeight@HeightField@Gu@physx@@QEBAMI@Z 00000001800088d0 f i Cooking.obj
 0001:00007900       ?getHeight@HeightField@Gu@physx@@UEBAMMM@Z 0000000180008900 f i Cooking.obj
 0001:00007930       ?getHeightInternal2@HeightField@Gu@physx@@QEBAMIMM@Z 0000000180008930 f i Cooking.obj
 0001:00007ba0       ?getHeightInternal@HeightField@Gu@physx@@QEBAMMM@Z 0000000180008ba0 f i Cooking.obj
 0001:00007c00       ?getHullVertices@ConvexHullData@Gu@physx@@QEBAPEBVPxVec3@3@XZ 0000000180008c00 f i Cooking.obj
 0001:00007c40       ?getIndexBuffer@ConvexMesh@Gu@physx@@UEBAPEBEXZ 0000000180008c40 f i Cooking.obj
 0001:00007c60       ?getInertia@ConvexMeshBuilder@physx@@QEBAAEBVPxMat33@2@XZ 0000000180008c60 f i Cooking.obj
 0001:00007c80       ?getMass@ConvexMeshBuilder@physx@@QEBAMXZ 0000000180008c80 f i Cooking.obj
 0001:00007ca0       ?getMaterialIndex0@HeightField@Gu@physx@@QEBAGI@Z 0000000180008ca0 f i Cooking.obj
 0001:00007cd0       ?getMaterialIndex1@HeightField@Gu@physx@@QEBAGI@Z 0000000180008cd0 f i Cooking.obj
 0001:00007d00       ?getMeshData@TriangleMeshBuilder@physx@@QEAAAEAVTriangleMeshData@Gu@2@XZ 0000000180008d00 f i Cooking.obj
 0001:00007d10       ?getName@?$ReflectionAllocator@VCooking@physx@@@shdfnd@physx@@CAPEBDXZ 0000000180008d10 f i Cooking.obj
 0001:00007d50       ?getName@?$ReflectionAllocator@VHeightField@Gu@physx@@@shdfnd@physx@@CAPEBDXZ 0000000180008d50 f i Cooking.obj
 0001:00007d90       ?getName@?$ReflectionAllocator@VQuickHullConvexHullLib@physx@@@shdfnd@physx@@CAPEBDXZ 0000000180008d90 f i Cooking.obj
 0001:00007dd0       ?getNbColumns@HeightField@Gu@physx@@UEBAIXZ 0000000180008dd0 f i Cooking.obj
 0001:00007de0       ?getNbColumnsFast@HeightField@Gu@physx@@QEBAIXZ 0000000180008de0 f i Cooking.obj
 0001:00007df0       ?getNbPolygons@ConvexMesh@Gu@physx@@UEBAIXZ 0000000180008df0 f i Cooking.obj
 0001:00007e00       ?getNbRows@HeightField@Gu@physx@@UEBAIXZ 0000000180008e00 f i Cooking.obj
 0001:00007e10       ?getNbVertices@ConvexMesh@Gu@physx@@UEBAIXZ 0000000180008e10 f i Cooking.obj
 0001:00007e20       ?getPaddedBounds@HeightFieldData@Gu@physx@@QEBAAEBVCenterExtentsPadded@23@XZ 0000000180008e20 f i Cooking.obj
 0001:00007e30       ?getSample@HeightField@Gu@physx@@QEBAAEBUPxHeightFieldSample@3@I@Z 0000000180008e30 f i Cooking.obj
 0001:00007eb0       ?getSample@HeightField@Gu@physx@@UEBAAEBUPxHeightFieldSample@3@II@Z 0000000180008eb0 f i Cooking.obj
 0001:00007ef0       ?getSampleStride@HeightField@Gu@physx@@UEBAIXZ 0000000180008ef0 f i Cooking.obj
 0001:00007f00       ?getTimestamp@HeightField@Gu@physx@@UEBAIXZ 0000000180008f00 f i Cooking.obj
 0001:00007f10       ?getTriangleMaterial@HeightField@Gu@physx@@QEBAGI@Z 0000000180008f10 f i Cooking.obj
 0001:00007f70       ?getTriangleMaterialIndex@HeightField@Gu@physx@@UEBAGI@Z 0000000180008f70 f i Cooking.obj
 0001:00007f90       ?getTriangleNormal@HeightField@Gu@physx@@UEBA?AVPxVec3@3@I@Z 0000000180008f90 f i Cooking.obj
 0001:00007fd0       ?getTriangleNormalInternal@HeightField@Gu@physx@@QEBA?AVPxVec3@3@I@Z 0000000180008fd0 f i Cooking.obj
 0001:00008230       ?getTriangleVertexIndices@HeightField@Gu@physx@@QEBAXIAEAI00@Z 0000000180009230 f i Cooking.obj
 0001:00008380       ?getType@PxMidphaseDesc@physx@@QEBA?AW4Enum@PxMeshMidPhase@2@XZ 0000000180009380 f i Cooking.obj
 0001:00008390       ?getVertexData8@ConvexHullData@Gu@physx@@QEBAPEBEXZ 0000000180009390 f i Cooking.obj
 0001:00008470       ?getVertices@ConvexMesh@Gu@physx@@UEBAPEBVPxVec3@3@XZ 0000000180009470 f i Cooking.obj
 0001:00008490       ?grow@?$Array@UPxDebugLine@physx@@VNamedAllocator@shdfnd@2@@shdfnd@physx@@IEAAXI@Z 0000000180009490 f i Cooking.obj
 0001:00008510       ?isBitSet@?$PxBitAndDataT@E$0IA@@physx@@QEBAEXZ 0000000180009510 f i Cooking.obj
 0001:00008530       ?isBitSet@?$PxBitAndDataT@G$0IAAA@@physx@@QEBAGXZ 0000000180009530 f i Cooking.obj
 0001:00008550       ?isFirstTriangle@HeightField@Gu@physx@@QEBA_NI@Z 0000000180009550 f i Cooking.obj
 0001:00008590       ?isInUserMemory@?$Array@UPxDebugLine@physx@@VNamedAllocator@shdfnd@2@@shdfnd@physx@@QEBAIXZ 0000000180009590 f i Cooking.obj
 0001:000085b0       ?isKindOf@PxBase@physx@@MEBA_NPEBD@Z 00000001800095b0 f i Cooking.obj
 0001:000085f0       ?isKindOf@PxConvexMesh@physx@@MEBA_NPEBD@Z 00000001800095f0 f i Cooking.obj
 0001:00008650       ?isKindOf@PxHeightField@physx@@MEBA_NPEBD@Z 0000000180009650 f i Cooking.obj
 0001:000086b0       ?isReleasable@PxBase@physx@@UEBA_NXZ 00000001800096b0 f i Cooking.obj
 0001:000086f0       ?isValid@PxBVHStructureDesc@physx@@QEBA_NXZ 00000001800096f0 f i Cooking.obj
 0001:00008730       ?isValid@PxConvexMeshDesc@physx@@QEBA_NXZ 0000000180009730 f i Cooking.obj
 0001:00008940       ?isValid@PxHeightFieldDesc@physx@@QEBA_NXZ 0000000180009940 f i Cooking.obj
 0001:000089f0       ?isValid@PxSimpleTriangleMesh@physx@@QEBA_NXZ 00000001800099f0 f i Cooking.obj
 0001:00008ad0       ?isValid@PxTriangleMeshDesc@physx@@QEBA_NXZ 0000000180009ad0 f i Cooking.obj
 0001:00008b40       ?isValidVertex@HeightField@Gu@physx@@QEBA_NI@Z 0000000180009b40 f i Cooking.obj
 0001:00008b80       ?isZerothVertexShared@HeightField@Gu@physx@@QEBA_NI@Z 0000000180009b80 f i Cooking.obj
 0001:00008bd0       ?littleEndian@shdfnd@physx@@YADXZ 0000000180009bd0 f i Cooking.obj
 0001:00008bf0       ?markSerializedMem@Cm@physx@@YAXPEAXI@Z 0000000180009bf0 f i Cooking.obj
 0001:00008c30       ?memCopy@intrinsics@physx@@YAPEAXPEAXPEBXI@Z 0000000180009c30 f i Cooking.obj
 0001:00008c60       ?onRefCountZero@RefCountable@Cm@physx@@UEAAXXZ 0000000180009c60 f i Cooking.obj
 0001:00008cb0       ?outputSegment@RenderOutput@Cm@physx@@QEAAXAEBVPxVec3@3@0@Z 0000000180009cb0 f i Cooking.obj
 0001:00008d30       ?recreate@?$Array@UPxDebugLine@physx@@VNamedAllocator@shdfnd@2@@shdfnd@physx@@IEAAXI@Z 0000000180009d30 f i Cooking.obj
 0001:00008e50       ?requiresObjects@ConvexMesh@Gu@physx@@UEAAXAEAVPxProcessPxBaseCallback@3@@Z 0000000180009e50 f i Cooking.obj
 0001:00008e60       ?reserve@?$Array@UPxDebugLine@physx@@VNamedAllocator@shdfnd@2@@shdfnd@physx@@QEAAXI@Z 0000000180009e60 f i Cooking.obj
 0001:00008e90       ?reserveSegments@RenderOutput@Cm@physx@@QEAAPEAUPxDebugLine@3@I@Z 0000000180009e90 f i Cooking.obj
 0001:00008ec0       ?setBigConvexData@ConvexMesh@Gu@physx@@QEAAXPEAVBigConvexData@3@@Z 0000000180009ec0 f i Cooking.obj
 0001:00008ee0       ?setBigConvexData@ConvexMeshBuilder@physx@@QEAAXPEAVBigConvexData@2@@Z 0000000180009ee0 f i Cooking.obj
 0001:00008f00       ?setBit@?$PxBitAndDataT@I$0IAAAAAAA@@physx@@QEAAXXZ 0000000180009f00 f i Cooking.obj
 0001:00008f20       ?setInertia@ConvexMesh@Gu@physx@@QEAAXAEBVPxMat33@3@@Z 0000000180009f20 f i Cooking.obj
 0001:00008f50       ?setMass@ConvexMesh@Gu@physx@@QEAAXM@Z 0000000180009f50 f i Cooking.obj
 0001:00008f70       ?setNb@ConvexMesh@Gu@physx@@QEAAXI@Z 0000000180009f70 f i Cooking.obj
 0001:00008fa0       ?size@?$Array@UPxDebugLine@physx@@VNamedAllocator@shdfnd@2@@shdfnd@physx@@QEBAIXZ 0000000180009fa0 f i Cooking.obj
 0001:00008fb0       ?tessFlag@PxHeightFieldSample@physx@@QEBAEXZ 0000000180009fb0 f i Cooking.obj
 0001:00008ff0       ??0ReducedVertexCloud@physx@@QEAA@PEBVPxVec3@1@I@Z 0000000180009ff0 f   CookingUtils.obj
 0001:00009050       ??1ReducedVertexCloud@physx@@QEAA@XZ 000000018000a050 f   CookingUtils.obj
 0001:00009070       ?Clean@ReducedVertexCloud@physx@@QEAAAEAV12@XZ 000000018000a070 f   CookingUtils.obj
 0001:000090e0       ?Reduce@ReducedVertexCloud@physx@@QEAA_NPEAUREDUCEDCLOUD@2@@Z 000000018000a0e0 f   CookingUtils.obj
 0001:000095e0       ??$?_UM@@YAPEAX_KV?$ReflectionAllocator@M@shdfnd@physx@@PEBDH@Z 000000018000a5e0 f i CookingUtils.obj
 0001:00009620       ??0?$ReflectionAllocator@M@shdfnd@physx@@QEAA@PEBD@Z 000000018000a620 f i CookingUtils.obj
 0001:00009630       ?allocate@?$ReflectionAllocator@M@shdfnd@physx@@QEAAPEAX_KPEBDH@Z 000000018000a630 f i CookingUtils.obj
 0001:000096b0       ?getName@?$ReflectionAllocator@M@shdfnd@physx@@CAPEBDXZ 000000018000a6b0 f i CookingUtils.obj
 0001:000096f0       ??0EdgeList@Gu@physx@@QEAA@XZ 000000018000a6f0 f   EdgeList.obj
 0001:00009740       ??1EdgeList@Gu@physx@@QEAA@XZ 000000018000a740 f   EdgeList.obj
 0001:00009800       ?load@EdgeList@Gu@physx@@QEAA_NAEAVPxInputStream@3@@Z 000000018000a800 f   EdgeList.obj
 0001:00009b30       ??0EdgeListBuilder@Gu@physx@@QEAA@XZ 000000018000ab30 f   EdgeList.obj
 0001:00009b60       ??1EdgeListBuilder@Gu@physx@@QEAA@XZ 000000018000ab60 f   EdgeList.obj
 0001:00009b80       ?init@EdgeListBuilder@Gu@physx@@QEAA_NAEBUEDGELISTCREATE@23@@Z 000000018000ab80 f   EdgeList.obj
 0001:00009d60       ?createFacesToEdges@EdgeListBuilder@Gu@physx@@AEAA_NIPEBIPEBG@Z 000000018000ad60 f   EdgeList.obj
 0001:0000a530       ?createEdgesToFaces@EdgeListBuilder@Gu@physx@@AEAA_NIPEBIPEBG@Z 000000018000b530 f   EdgeList.obj
 0001:0000aad0       ?computeActiveEdges@EdgeListBuilder@Gu@physx@@AEAA_NIPEBIPEBGPEBVPxVec3@3@M@Z 000000018000bad0 f   EdgeList.obj
 0001:0000c5c0       ??$?_UUEdgeData@Gu@physx@@@@YAPEAX_KV?$ReflectionAllocator@UEdgeData@Gu@physx@@@shdfnd@physx@@PEBDH@Z 000000018000d5c0 f i EdgeList.obj
 0001:0000c600       ??$?_UUEdgeTriangleData@Gu@physx@@@@YAPEAX_KV?$ReflectionAllocator@UEdgeTriangleData@Gu@physx@@@shdfnd@physx@@PEBDH@Z 000000018000d600 f i EdgeList.obj
 0001:0000c640       ??0?$ReflectionAllocator@UEdgeData@Gu@physx@@@shdfnd@physx@@QEAA@PEBD@Z 000000018000d640 f i EdgeList.obj
 0001:0000c650       ??0?$ReflectionAllocator@UEdgeTriangleData@Gu@physx@@@shdfnd@physx@@QEAA@PEBD@Z 000000018000d650 f i EdgeList.obj
 0001:0000c660       ??0PxPlane@physx@@QEAA@AEBVPxVec3@1@00@Z 000000018000d660 f i EdgeList.obj
 0001:0000c720       ??0PxTriangle@physx@@QEAA@AEBVPxVec3@1@00@Z 000000018000d720 f i EdgeList.obj
 0001:0000c7d0       ??1PxTriangle@physx@@QEAA@XZ 000000018000d7d0 f i EdgeList.obj
 0001:0000c7e0       ??DPxVec3@physx@@QEBA?AV01@M@Z 000000018000d7e0 f i EdgeList.obj
 0001:0000c850       ??GPxVec3@physx@@QEBA?AV01@AEBV01@@Z 000000018000d850 f i EdgeList.obj
 0001:0000c8d0       ??_0PxVec3@physx@@QEAAAEAV01@M@Z 000000018000d8d0 f i EdgeList.obj
 0001:0000c950       ?PxAtan2@physx@@YAMMM@Z    000000018000d950 f i EdgeList.obj
 0001:0000c980       ?PxRecipSqrt@physx@@YAMM@Z 000000018000d980 f i EdgeList.obj
 0001:0000c9a0       ?PxSqrt@physx@@YAMM@Z      000000018000d9a0 f i EdgeList.obj
 0001:0000c9c0       ?allocate@?$ReflectionAllocator@UEdgeData@Gu@physx@@@shdfnd@physx@@QEAAPEAX_KPEBDH@Z 000000018000d9c0 f i EdgeList.obj
 0001:0000ca40       ?allocate@?$ReflectionAllocator@UEdgeTriangleData@Gu@physx@@@shdfnd@physx@@QEAAPEAX_KPEBDH@Z 000000018000da40 f i EdgeList.obj
 0001:0000cac0       ?angle@shdfnd@physx@@YAMAEBVPxVec3@2@0@Z 000000018000dac0 f i EdgeList.obj
 0001:0000cb20       ?cross@PxVec3@physx@@QEBA?AV12@AEBV12@@Z 000000018000db20 f i EdgeList.obj
 0001:0000cbe0       ?distance@PxPlane@physx@@QEBAMAEBVPxVec3@2@@Z 000000018000dbe0 f i EdgeList.obj
 0001:0000cc10       ?dot@PxVec3@physx@@QEBAMAEBV12@@Z 000000018000dc10 f i EdgeList.obj
 0001:0000cc60       ?getEdgeToTriangles@EdgeList@Gu@physx@@QEBAPEBUEdgeDescData@23@XZ 000000018000dc60 f i EdgeList.obj
 0001:0000cc70       ?getEdges@EdgeList@Gu@physx@@QEBAPEBUEdgeData@23@XZ 000000018000dc70 f i EdgeList.obj
 0001:0000cc80       ?getFacesByEdges@EdgeList@Gu@physx@@QEBAPEBIXZ 000000018000dc80 f i EdgeList.obj
 0001:0000cc90       ?getName@?$ReflectionAllocator@UEdgeData@Gu@physx@@@shdfnd@physx@@CAPEBDXZ 000000018000dc90 f i EdgeList.obj
 0001:0000ccd0       ?getName@?$ReflectionAllocator@UEdgeTriangleData@Gu@physx@@@shdfnd@physx@@CAPEBDXZ 000000018000dcd0 f i EdgeList.obj
 0001:0000cd10       ?getNbEdges@EdgeList@Gu@physx@@QEBAIXZ 000000018000dd10 f i EdgeList.obj
 0001:0000cd20       ?getNormalized@PxVec3@physx@@QEBA?AV12@XZ 000000018000dd20 f i EdgeList.obj
 0001:0000cdb0       ?magnitude@PxVec3@physx@@QEBAMXZ 000000018000ddb0 f i EdgeList.obj
 0001:0000cdd0       ?magnitudeSquared@PxVec3@physx@@QEBAMXZ 000000018000ddd0 f i EdgeList.obj
 0001:0000ce20       ?normal@PxTriangle@physx@@QEBAXAEAVPxVec3@2@@Z 000000018000de20 f i EdgeList.obj
 0001:0000cee0       ?normalize@PxVec3@physx@@QEAAMXZ 000000018000dee0 f i EdgeList.obj
 0001:0000cf30       ?recipSqrt@intrinsics@physx@@YAMM@Z 000000018000df30 f i EdgeList.obj
 0001:0000cf60       ?sqrt@intrinsics@physx@@YAMM@Z 000000018000df60 f i EdgeList.obj
 0001:0000cf80       fabsf                      000000018000df80 f i EdgeList.obj
 0001:0000cfa0       ??0MeshCleaner@physx@@QEAA@IPEBVPxVec3@1@IPEBIM@Z 000000018000dfa0 f   MeshCleaner.obj
 0001:0000dc70       ??1MeshCleaner@physx@@QEAA@XZ 000000018000ec70 f   MeshCleaner.obj
 0001:0000df80       ??9Indices@@QEBA_NAEBU0@@Z 000000018000ef80 f i MeshCleaner.obj
 0001:0000e020       ??9PxVec3@physx@@QEBA_NAEBV01@@Z 000000018000f020 f i MeshCleaner.obj
 0001:0000e090       ?PxFloor@physx@@YAMM@Z     000000018000f090 f i MeshCleaner.obj
 0001:0000e0b0       ?nextPowerOfTwo@shdfnd@physx@@YAII@Z 000000018000f0b0 f i MeshCleaner.obj
 0001:0000e120       ?createQuantizer@physx@@YAPEAVQuantizer@1@XZ 000000018000f120 f   Quantizer.obj
 0001:0000e1a0       ?kmeans_cluster3d@@YAIPEBVPxVec3@physx@@IIPEAV12@PEAIMM@Z 000000018000f1a0 f   Quantizer.obj
 0001:0000e200       ??$?2V?$ReflectionAllocator@VQuantizerImpl@@@shdfnd@physx@@@UserAllocated@shdfnd@physx@@SAPEAX_KV?$ReflectionAllocator@VQuantizerImpl@@@12@PEBDH@Z 000000018000f200 f i Quantizer.obj
 0001:0000e240       ??$PX_UNUSED@W4PxZERO@physx@@@@YAXAEBW4PxZERO@physx@@@Z 000000018000f240 f i Quantizer.obj
 0001:0000e250       ??$PxMax@M@physx@@YAMMM@Z  000000018000f250 f i Quantizer.obj
 0001:0000e280       ??$PxMin@M@physx@@YAMMM@Z  000000018000f280 f i Quantizer.obj
 0001:0000e2b0       ??$kmeans_cluster@VPxVec3@physx@@M@@YAIPEBVPxVec3@physx@@IIPEAV01@PEAIMM@Z 000000018000f2b0 f i Quantizer.obj
 0001:0000ea10       ??0?$Array@VPxVec3@physx@@VNamedAllocator@shdfnd@2@@shdfnd@physx@@QEAA@AEBVNamedAllocator@12@@Z 000000018000fa10 f i Quantizer.obj
 0001:0000ea60       ??0?$ReflectionAllocator@VQuantizerImpl@@@shdfnd@physx@@QEAA@PEBD@Z 000000018000fa60 f i Quantizer.obj
 0001:0000ea70       ??0PxBounds3@physx@@QEAA@XZ 000000018000fa70 f i Quantizer.obj
 0001:0000eab0       ??0PxVec3@physx@@QEAA@W4PxZERO@1@@Z 000000018000fab0 f i Quantizer.obj
 0001:0000eb00       ??0Quantizer@physx@@QEAA@XZ 000000018000fb00 f i Quantizer.obj
 0001:0000eb20       ??0QuantizerImpl@@QEAA@XZ  000000018000fb20 f i Quantizer.obj
 0001:0000ec20       ??1?$Array@VPxVec3@physx@@VNamedAllocator@shdfnd@2@@shdfnd@physx@@QEAA@XZ 000000018000fc20 f i Quantizer.obj
 0001:0000ec90       ??1Quantizer@physx@@MEAA@XZ 000000018000fc90 f i Quantizer.obj
 0001:0000ecb0       ??1QuantizerImpl@@EEAA@XZ  000000018000fcb0 f i Quantizer.obj
 0001:0000ed00       ??A?$Array@VPxVec3@physx@@VNamedAllocator@shdfnd@2@@shdfnd@physx@@QEAAAEAVPxVec3@2@I@Z 000000018000fd00 f i Quantizer.obj
 0001:0000ed80       ??APxVec3@physx@@QEAAAEAMI@Z 000000018000fd80 f i Quantizer.obj
 0001:0000edd0       ??HPxVec3@physx@@QEBA?AV01@AEBV01@@Z 000000018000fdd0 f i Quantizer.obj
 0001:0000ee50       ??XPxVec3@physx@@QEAAAEAV01@M@Z 000000018000fe50 f i Quantizer.obj
 0001:0000eeb0       ??YPxVec3@physx@@QEAAAEAV01@AEBV01@@Z 000000018000feb0 f i Quantizer.obj
 0001:0000ef20       ??_GQuantizer@physx@@MEAAPEAXI@Z 000000018000ff20 f i Quantizer.obj
 0001:0000ef20       ??_EQuantizer@physx@@MEAAPEAXI@Z 000000018000ff20 f i Quantizer.obj
 0001:0000ef60       ??_GQuantizerImpl@@EEAAPEAXI@Z 000000018000ff60 f i Quantizer.obj
 0001:0000ef60       ??_EQuantizerImpl@@EEAAPEAXI@Z 000000018000ff60 f i Quantizer.obj
 0001:0000efc0       ?PxAbs@physx@@YAMM@Z       000000018000ffc0 f i Quantizer.obj
 0001:0000efe0       ?PxIsFinite@physx@@YA_NM@Z 000000018000ffe0 f i Quantizer.obj
 0001:0000f000       ?abs@intrinsics@physx@@YAMM@Z 0000000180010000 f i Quantizer.obj
 0001:0000f020       ?allocate@?$Array@VPxVec3@physx@@VNamedAllocator@shdfnd@2@@shdfnd@physx@@IEAAPEAVPxVec3@3@I@Z 0000000180010020 f i Quantizer.obj
 0001:0000f0b0       ?allocate@?$ReflectionAllocator@VQuantizerImpl@@@shdfnd@physx@@QEAAPEAX_KPEBDH@Z 00000001800100b0 f i Quantizer.obj
 0001:0000f130       ?capacity@?$Array@VPxVec3@physx@@VNamedAllocator@shdfnd@2@@shdfnd@physx@@QEBAIXZ 0000000180010130 f i Quantizer.obj
 0001:0000f150       ?capacityIncrement@?$Array@VPxVec3@physx@@VNamedAllocator@shdfnd@2@@shdfnd@physx@@IEBAIXZ 0000000180010150 f i Quantizer.obj
 0001:0000f190       ?clear@?$Array@VPxVec3@physx@@VNamedAllocator@shdfnd@2@@shdfnd@physx@@QEAAXXZ 0000000180010190 f i Quantizer.obj
 0001:0000f1d0       ?copy@?$Array@VPxVec3@physx@@VNamedAllocator@shdfnd@2@@shdfnd@physx@@KAXPEAVPxVec3@3@0PEBV43@@Z 00000001800101d0 f i Quantizer.obj
 0001:0000f250       ?deallocate@?$Array@VPxVec3@physx@@VNamedAllocator@shdfnd@2@@shdfnd@physx@@IEAAXPEAX@Z 0000000180010250 f i Quantizer.obj
 0001:0000f280       ?destroy@?$Array@VPxVec3@physx@@VNamedAllocator@shdfnd@2@@shdfnd@physx@@KAXPEAVPxVec3@3@0@Z 0000000180010280 f i Quantizer.obj
 0001:0000f2b0       ?getCenter@PxBounds3@physx@@QEBA?AVPxVec3@2@XZ 00000001800102b0 f i Quantizer.obj
 0001:0000f330       ?getDenormalizeCenter@QuantizerImpl@@UEBAAEBVPxVec3@physx@@XZ 0000000180010330 f i Quantizer.obj
 0001:0000f340       ?getDenormalizeScale@QuantizerImpl@@UEBAAEBVPxVec3@physx@@XZ 0000000180010340 f i Quantizer.obj
 0001:0000f350       ?getDimensions@PxBounds3@physx@@QEBA?AVPxVec3@2@XZ 0000000180010350 f i Quantizer.obj
 0001:0000f3b0       ?getName@?$ReflectionAllocator@VQuantizerImpl@@@shdfnd@physx@@CAPEBDXZ 00000001800103b0 f i Quantizer.obj
 0001:0000f3f0       ?growAndPushBack@?$Array@VPxVec3@physx@@VNamedAllocator@shdfnd@2@@shdfnd@physx@@IEAAAEAVPxVec3@3@AEBV43@@Z 00000001800103f0 f i Quantizer.obj
 0001:0000f580       ?include@PxBounds3@physx@@QEAAXAEBVPxVec3@2@@Z 0000000180010580 f i Quantizer.obj
 0001:0000f610       ?isFinite@PxBounds3@physx@@QEBA_NXZ 0000000180010610 f i Quantizer.obj
 0001:0000f670       ?isFinite@PxVec3@physx@@QEBA_NXZ 0000000180010670 f i Quantizer.obj
 0001:0000f6e0       ?isFinite@intrinsics@physx@@YA_NM@Z 00000001800106e0 f i Quantizer.obj
 0001:0000f720       ?isInUserMemory@?$Array@VPxVec3@physx@@VNamedAllocator@shdfnd@2@@shdfnd@physx@@QEBAIXZ 0000000180010720 f i Quantizer.obj
 0001:0000f740       ?isValid@PxBounds3@physx@@QEBA_NXZ 0000000180010740 f i Quantizer.obj
 0001:0000f830       ?kmeansQuantize3D@QuantizerImpl@@UEAAPEBVPxVec3@physx@@IPEBV23@I_NIAEAI@Z 0000000180010830 f i Quantizer.obj
 0001:0000fb60       ?maximum@PxVec3@physx@@QEBA?AV12@AEBV12@@Z 0000000180010b60 f i Quantizer.obj
 0001:0000fc00       ?minimum@PxVec3@physx@@QEBA?AV12@AEBV12@@Z 0000000180010c00 f i Quantizer.obj
 0001:0000fca0       ?multiply@PxVec3@physx@@QEBA?AV12@AEBV12@@Z 0000000180010ca0 f i Quantizer.obj
 0001:0000fd20       ?normalizeInput@QuantizerImpl@@AEAAXIPEBVPxVec3@physx@@I@Z 0000000180010d20 f i Quantizer.obj
 0001:0000ffc0       ?pushBack@?$Array@VPxVec3@physx@@VNamedAllocator@shdfnd@2@@shdfnd@physx@@QEAAAEAVPxVec3@3@AEBV43@@Z 0000000180010fc0 f i Quantizer.obj
 0001:00010060       ?release@QuantizerImpl@@UEAAXXZ 0000000180011060 f i Quantizer.obj
 0001:000100b0       ?selectMax@intrinsics@physx@@YAMMM@Z 00000001800110b0 f i Quantizer.obj
 0001:000100f0       ?selectMin@intrinsics@physx@@YAMMM@Z 00000001800110f0 f i Quantizer.obj
 0001:00010130       ?setEmpty@PxBounds3@physx@@QEAAXXZ 0000000180011130 f i Quantizer.obj
 0001:00010180       ??0BVHStructureBuilder@physx@@QEAA@XZ 0000000180011180 f   BVHStructureBuilder.obj
 0001:000101d0       ??1BVHStructureBuilder@physx@@QEAA@XZ 00000001800111d0 f   BVHStructureBuilder.obj
 0001:00010260       ?loadFromDesc@BVHStructureBuilder@physx@@QEAA_NAEBVPxBVHStructureDesc@2@@Z 0000000180011260 f   BVHStructureBuilder.obj
 0001:000105a0       ?save@BVHStructureBuilder@physx@@QEBA_NAEAVPxOutputStream@2@_N@Z 00000001800115a0 f   BVHStructureBuilder.obj
 0001:000107a0       ?moveData@BVHStructureBuilder@physx@@QEAAXAEAUBVHStructureData@Gu@2@@Z 00000001800117a0 f   BVHStructureBuilder.obj
 0001:00010850       ?flatten@@YAXAEBVNodeAllocator@Gu@physx@@PEAUBVHNode@23@@Z 0000000180011850 f   BVHStructureBuilder.obj
 0001:00010bf0       ??$?4VNamedAllocator@shdfnd@physx@@@?$Array@USlab@NodeAllocator@Gu@physx@@VNamedAllocator@shdfnd@4@@shdfnd@physx@@QEAAAEAV012@AEBV012@@Z 0000000180011bf0 f i BVHStructureBuilder.obj
 0001:00010c80       ??$PX_UNUSED@_N@@YAXAEB_N@Z 0000000180011c80 f i BVHStructureBuilder.obj
 0001:00010c90       ??$copy@VNamedAllocator@shdfnd@physx@@@?$Array@USlab@NodeAllocator@Gu@physx@@VNamedAllocator@shdfnd@4@@shdfnd@physx@@IEAAXAEBV012@@Z 0000000180011c90 f i BVHStructureBuilder.obj
 0001:00010d50       ??0?$Array@USlab@NodeAllocator@Gu@physx@@VNamedAllocator@shdfnd@4@@shdfnd@physx@@QEAA@AEBV012@AEBVNamedAllocator@12@@Z 0000000180011d50 f i BVHStructureBuilder.obj
 0001:00010d90       ??0AABBTreeBuildNode@Gu@physx@@QEAA@AEBV012@@Z 0000000180011d90 f i BVHStructureBuilder.obj
 0001:00010df0       ??0AABBTreeBuildNode@Gu@physx@@QEAA@XZ 0000000180011df0 f i BVHStructureBuilder.obj
 0001:00010e10       ??0AABBTreeBuildParams@Gu@physx@@QEAA@IIPEBVPxBounds3@2@@Z 0000000180011e10 f i BVHStructureBuilder.obj
 0001:00010e60       ??0BuildStats@Gu@physx@@QEAA@XZ 0000000180011e60 f i BVHStructureBuilder.obj
 0001:00010e90       ??0NodeAllocator@Gu@physx@@QEAA@AEBV012@@Z 0000000180011e90 f i BVHStructureBuilder.obj
 0001:00010f20       ??0PxBounds3@physx@@QEAA@AEBV01@@Z 0000000180011f20 f i BVHStructureBuilder.obj
 0001:00010f70       ??0PxVec4@physx@@QEAA@XZ   0000000180011f70 f i BVHStructureBuilder.obj
 0001:00010f80       ??1AABBTreeBuildNode@Gu@physx@@QEAA@XZ 0000000180011f80 f i BVHStructureBuilder.obj
 0001:00010f90       ??1AABBTreeBuildParams@Gu@physx@@QEAA@XZ 0000000180011f90 f i BVHStructureBuilder.obj
 0001:00010fb0       ??4?$Array@USlab@NodeAllocator@Gu@physx@@VNamedAllocator@shdfnd@4@@shdfnd@physx@@QEAAAEAV012@AEBV012@@Z 0000000180011fb0 f i BVHStructureBuilder.obj
 0001:00010fe0       ??4AABBTreeBuildNode@Gu@physx@@QEAAAEAV012@AEBV012@@Z 0000000180011fe0 f i BVHStructureBuilder.obj
 0001:00011040       ??4AABBTreeBuildParams@Gu@physx@@QEAAAEAV012@AEBV012@@Z 0000000180012040 f i BVHStructureBuilder.obj
 0001:00011070       ??4BuildStats@Gu@physx@@QEAAAEAU012@$$QEAU012@@Z 0000000180012070 f i BVHStructureBuilder.obj
 0001:000110a0       ??4BuildStats@Gu@physx@@QEAAAEAU012@AEBU012@@Z 00000001800120a0 f i BVHStructureBuilder.obj
 0001:000110c0       ??4NodeAllocator@Gu@physx@@QEAAAEAV012@AEBV012@@Z 00000001800120c0 f i BVHStructureBuilder.obj
 0001:00011130       ??4PxBounds3@physx@@QEAAAEAV01@AEBV01@@Z 0000000180012130 f i BVHStructureBuilder.obj
 0001:00011180       ??A?$Array@USlab@NodeAllocator@Gu@physx@@VNamedAllocator@shdfnd@4@@shdfnd@physx@@QEBAAEBUSlab@NodeAllocator@Gu@2@I@Z 0000000180012180 f i BVHStructureBuilder.obj
 0001:00011200       ??_FAABBTreeBuildParams@Gu@physx@@QEAAXXZ 0000000180012200 f i BVHStructureBuilder.obj
 0001:00011230       ?V4Add@aos@shdfnd@physx@@YA?AT__m128@@T4@0@Z 0000000180012230 f i BVHStructureBuilder.obj
 0001:00011260       ?V4LoadU@aos@shdfnd@physx@@YA?AT__m128@@QEBM@Z 0000000180012260 f i BVHStructureBuilder.obj
 0001:00011280       ?V4Scale@aos@shdfnd@physx@@YA?AT__m128@@T4@0@Z 0000000180012280 f i BVHStructureBuilder.obj
 0001:000112b0       ?V4StoreA@aos@shdfnd@physx@@YAXT__m128@@PEAM@Z 00000001800122b0 f i BVHStructureBuilder.obj
 0001:00011330       ?V4StoreU@aos@shdfnd@physx@@YAXT__m128@@PEAM@Z 0000000180012330 f i BVHStructureBuilder.obj
 0001:00011350       ?V4Sub@aos@shdfnd@physx@@YA?AT__m128@@T4@0@Z 0000000180012350 f i BVHStructureBuilder.obj
 0001:00011380       ?__global_array_delete@@YAXPEAX@Z 0000000180012380 f i BVHStructureBuilder.obj
 0001:000113a0       ?__global_array_delete@@YAXPEAX_K@Z 00000001800123a0 f i BVHStructureBuilder.obj
 0001:000113d0       ?__global_delete@@YAXPEAX@Z 00000001800123d0 f i BVHStructureBuilder.obj
 0001:000113f0       ?__global_delete@@YAXPEAX_K@Z 00000001800123f0 f i BVHStructureBuilder.obj
 0001:00011420       ?allocate@?$Array@USlab@NodeAllocator@Gu@physx@@VNamedAllocator@shdfnd@4@@shdfnd@physx@@IEAAPEAUSlab@NodeAllocator@Gu@3@I@Z 0000000180012420 f i BVHStructureBuilder.obj
 0001:000114b0       ?begin@?$Array@USlab@NodeAllocator@Gu@physx@@VNamedAllocator@shdfnd@4@@shdfnd@physx@@QEBAPEBUSlab@NodeAllocator@Gu@3@XZ 00000001800124b0 f i BVHStructureBuilder.obj
 0001:000114c0       ?capacity@?$Array@USlab@NodeAllocator@Gu@physx@@VNamedAllocator@shdfnd@4@@shdfnd@physx@@QEBAIXZ 00000001800124c0 f i BVHStructureBuilder.obj
 0001:000114e0       ?clear@?$Array@USlab@NodeAllocator@Gu@physx@@VNamedAllocator@shdfnd@4@@shdfnd@physx@@QEAAXXZ 00000001800124e0 f i BVHStructureBuilder.obj
 0001:00011520       ?copy@?$Array@USlab@NodeAllocator@Gu@physx@@VNamedAllocator@shdfnd@4@@shdfnd@physx@@KAXPEAUSlab@NodeAllocator@Gu@3@0PEBU4563@@Z 0000000180012520 f i BVHStructureBuilder.obj
 0001:000115a0       ?deallocate@?$Array@USlab@NodeAllocator@Gu@physx@@VNamedAllocator@shdfnd@4@@shdfnd@physx@@IEAAXPEAX@Z 00000001800125a0 f i BVHStructureBuilder.obj
 0001:000115d0       ?destroy@?$Array@USlab@NodeAllocator@Gu@physx@@VNamedAllocator@shdfnd@4@@shdfnd@physx@@KAXPEAUSlab@NodeAllocator@Gu@3@0@Z 00000001800125d0 f i BVHStructureBuilder.obj
 0001:00011600       ?empty@?$Array@USlab@NodeAllocator@Gu@physx@@VNamedAllocator@shdfnd@4@@shdfnd@physx@@QEBA_NXZ 0000000180012600 f i BVHStructureBuilder.obj
 0001:00011630       ?getAABB@AABBTreeBuildNode@Gu@physx@@QEBAAEBVPxBounds3@3@XZ 0000000180012630 f i BVHStructureBuilder.obj
 0001:00011640       ?getCount@BuildStats@Gu@physx@@QEBAIXZ 0000000180012640 f i BVHStructureBuilder.obj
 0001:00011650       ?getNbPrimitives@AABBTreeBuildNode@Gu@physx@@QEBAIXZ 0000000180012650 f i BVHStructureBuilder.obj
 0001:00011660       ?getNbRuntimePrimitives@AABBTreeBuildNode@Gu@physx@@QEBAIXZ 0000000180012660 f i BVHStructureBuilder.obj
 0001:00011670       ?getNeg@AABBTreeBuildNode@Gu@physx@@QEBAPEBV123@XZ 0000000180012670 f i BVHStructureBuilder.obj
 0001:000116b0       ?getPos@AABBTreeBuildNode@Gu@physx@@QEBAPEBV123@XZ 00000001800126b0 f i BVHStructureBuilder.obj
 0001:000116c0       ?getPrimitives@AABBTreeBuildNode@Gu@physx@@QEAAPEAIPEAI@Z 00000001800126c0 f i BVHStructureBuilder.obj
 0001:000116e0       ?getPrimitives@AABBTreeBuildNode@Gu@physx@@QEBAPEBIPEBI@Z 00000001800126e0 f i BVHStructureBuilder.obj
 0001:00011700       ?grow@?$Array@USlab@NodeAllocator@Gu@physx@@VNamedAllocator@shdfnd@4@@shdfnd@physx@@IEAAXI@Z 0000000180012700 f i BVHStructureBuilder.obj
 0001:00011780       ?increaseCount@BuildStats@Gu@physx@@QEAAXI@Z 0000000180012780 f i BVHStructureBuilder.obj
 0001:000117a0       ?inflateBounds@@YAXAEAVPxBounds3@physx@@AEBV12@@Z 00000001800127a0 f i BVHStructureBuilder.obj
 0001:00011990       ?isAligned16@aos@shdfnd@physx@@YA_NPEAX@Z 0000000180012990 f i BVHStructureBuilder.obj
 0001:000119c0       ?isInUserMemory@?$Array@USlab@NodeAllocator@Gu@physx@@VNamedAllocator@shdfnd@4@@shdfnd@physx@@QEBAIXZ 00000001800129c0 f i BVHStructureBuilder.obj
 0001:000119e0       ?isLeaf@AABBTreeBuildNode@Gu@physx@@QEBA_NXZ 00000001800129e0 f i BVHStructureBuilder.obj
 0001:00011a20       ?recreate@?$Array@USlab@NodeAllocator@Gu@physx@@VNamedAllocator@shdfnd@4@@shdfnd@physx@@IEAAXI@Z 0000000180012a20 f i BVHStructureBuilder.obj
 0001:00011b40       ?reserve@?$Array@USlab@NodeAllocator@Gu@physx@@VNamedAllocator@shdfnd@4@@shdfnd@physx@@QEAAXI@Z 0000000180012b40 f i BVHStructureBuilder.obj
 0001:00011b70       ?reset@AABBTreeBuildParams@Gu@physx@@QEAAXXZ 0000000180012b70 f i BVHStructureBuilder.obj
 0001:00011bd0       ?reset@BuildStats@Gu@physx@@QEAAXXZ 0000000180012bd0 f i BVHStructureBuilder.obj
 0001:00011bf0       ?setCount@BuildStats@Gu@physx@@QEAAXI@Z 0000000180012bf0 f i BVHStructureBuilder.obj
 0001:00011c10       ?setNbRunTimePrimitives@AABBTreeBuildNode@Gu@physx@@QEAAXI@Z 0000000180012c10 f i BVHStructureBuilder.obj
 0001:00011c30       ?size@?$Array@USlab@NodeAllocator@Gu@physx@@VNamedAllocator@shdfnd@4@@shdfnd@physx@@QEBAIXZ 0000000180012c30 f i BVHStructureBuilder.obj
 0001:00011c40       ?saveHeightField@physx@@YA_NAEBVHeightField@Gu@1@AEAVPxOutputStream@1@_N@Z 0000000180012c40 f   HeightFieldCooking.obj
 0001:00011ff0       ??APxVec3@physx@@QEBAAEBMI@Z 0000000180012ff0 f i HeightFieldCooking.obj
 0001:00012040       ??B?$PxFlags@W4Enum@PxHeightFieldFlag@physx@@G@physx@@QEBAGXZ 0000000180013040 f i HeightFieldCooking.obj
 0001:00012050       ?getData@HeightField@Gu@physx@@QEBAAEBUHeightFieldData@23@XZ 0000000180013050 f i HeightFieldCooking.obj
 0001:00012060       ?getMax@CenterExtents@Gu@physx@@QEBAMI@Z 0000000180013060 f i HeightFieldCooking.obj
 0001:000120b0       ?getMin@CenterExtents@Gu@physx@@QEBAMI@Z 00000001800130b0 f i HeightFieldCooking.obj
 0001:00012100       ?buildFromTriangles@RTreeCooker@physx@@SAXAEAURTree@Gu@2@PEBVPxVec3@2@IPEBGPEBIIAEAV?$Array@IVNamedAllocator@shdfnd@physx@@@shdfnd@2@PEAURemapCallback@12@MW4Enum@PxMeshCookingHint@2@@Z 0000000180013100 f   RTreeCooking.obj
 0001:00013940       ??$PX_UNUSED@I@@YAXAEBI@Z  0000000180014940 f i RTreeCooking.obj
 0001:00013950       ??$PX_UNUSED@M@@YAXAEBM@Z  0000000180014950 f i RTreeCooking.obj
 0001:00013960       ??$PX_UNUSED@PEAURTreeNodeNQ@physx@@@@YAXAEBQEAURTreeNodeNQ@physx@@@Z 0000000180014960 f i RTreeCooking.obj
 0001:00013970       ??$PX_UNUSED@URTreeNodeNQ@physx@@@@YAXAEBURTreeNodeNQ@physx@@@Z 0000000180014970 f i RTreeCooking.obj
 0001:00013980       ??$PxMax@H@physx@@YAHHH@Z  0000000180014980 f i RTreeCooking.obj
 0001:000139b0       ??$PxMin@I@physx@@YAIII@Z  00000001800149b0 f i RTreeCooking.obj
 0001:000139e0       ??$median3@I$$CBU?$Less@I@shdfnd@physx@@@internal@shdfnd@physx@@YAXPEAIHHAEBU?$Less@I@12@@Z 00000001800149e0 f i RTreeCooking.obj
 0001:00013b40       ??$median3@I$$CBUSortBoundsPredicate@physx@@@internal@shdfnd@physx@@YAXPEAIHHAEBUSortBoundsPredicate@2@@Z 0000000180014b40 f i RTreeCooking.obj
 0001:00013ca0       ??$partition@I$$CBU?$Less@I@shdfnd@physx@@@internal@shdfnd@physx@@YAHPEAIHHAEBU?$Less@I@12@@Z 0000000180014ca0 f i RTreeCooking.obj
 0001:00013e90       ??$partition@I$$CBUSortBoundsPredicate@physx@@@internal@shdfnd@physx@@YAHPEAIHHAEBUSortBoundsPredicate@2@@Z 0000000180014e90 f i RTreeCooking.obj
 0001:00014080       ??$partition@UBoundsLTE@physx@@@quickSelect@physx@@YAIPEIAIIIIAEBUBoundsLTE@1@@Z 0000000180015080 f i RTreeCooking.obj
 0001:000143d0       ??$quickSelectFirstK@UBoundsLTE@physx@@@quickSelect@physx@@YAXPEIAIIIIAEBUBoundsLTE@1@@Z 00000001800153d0 f i RTreeCooking.obj
 0001:00014530       ??$smallSort@I$$CBU?$Less@I@shdfnd@physx@@@internal@shdfnd@physx@@YAXPEAIHHAEBU?$Less@I@12@@Z 0000000180015530 f i RTreeCooking.obj
 0001:00014610       ??$smallSort@I$$CBUSortBoundsPredicate@physx@@@internal@shdfnd@physx@@YAXPEAIHHAEBUSortBoundsPredicate@2@@Z 0000000180015610 f i RTreeCooking.obj
 0001:000146f0       ??$sort@I@shdfnd@physx@@YAXPEAII@Z 00000001800156f0 f i RTreeCooking.obj
 0001:00014740       ??$sort@IU?$Less@I@shdfnd@physx@@VNamedAllocator@23@@shdfnd@physx@@YAXPEAIIAEBU?$Less@I@01@AEBVNamedAllocator@01@I@Z 0000000180015740 f i RTreeCooking.obj
 0001:00014a30       ??$sort@IUSortBoundsPredicate@physx@@@shdfnd@physx@@YAXPEAIIAEBUSortBoundsPredicate@1@@Z 0000000180015a30 f i RTreeCooking.obj
 0001:00014a80       ??$sort@IUSortBoundsPredicate@physx@@VNamedAllocator@shdfnd@2@@shdfnd@physx@@YAXPEAIIAEBUSortBoundsPredicate@1@AEBVNamedAllocator@01@I@Z 0000000180015a80 f i RTreeCooking.obj
 0001:00014d70       ??0?$AlignedAllocator@$0IA@VNonTrackingAllocator@shdfnd@physx@@@shdfnd@physx@@QEAA@AEBVNonTrackingAllocator@12@@Z 0000000180015d70 f i RTreeCooking.obj
 0001:00014d80       ??0?$Array@IVNamedAllocator@shdfnd@physx@@@shdfnd@physx@@QEAA@IAEBIAEBVNamedAllocator@12@@Z 0000000180015d80 f i RTreeCooking.obj
 0001:00014df0       ??0?$Array@UInterval@physx@@V?$InlineAllocator@$0CAAA@VNamedAllocator@shdfnd@physx@@@shdfnd@2@@shdfnd@physx@@QEAA@AEBV?$InlineAllocator@$0CAAA@VNamedAllocator@shdfnd@physx@@@12@@Z 0000000180015df0 f i RTreeCooking.obj
 0001:00014e50       ??0?$Array@UPxBounds3V@physx@@VNamedAllocator@shdfnd@2@@shdfnd@physx@@QEAA@AEBVNamedAllocator@12@@Z 0000000180015e50 f i RTreeCooking.obj
 0001:00014ea0       ??0?$Array@URTreeNodeNQ@physx@@VNamedAllocator@shdfnd@2@@shdfnd@physx@@QEAA@AEBVNamedAllocator@12@@Z 0000000180015ea0 f i RTreeCooking.obj
 0001:00014ef0       ??0?$Array@URTreeNodeQ@Gu@physx@@VNamedAllocator@shdfnd@3@@shdfnd@physx@@QEAA@AEBVNamedAllocator@12@@Z 0000000180015ef0 f i RTreeCooking.obj
 0001:00014f40       ??0?$InlineAllocator@$0CAAA@VNamedAllocator@shdfnd@physx@@@shdfnd@physx@@QEAA@AEBV012@@Z 0000000180015f40 f i RTreeCooking.obj
 0001:00014f80       ??0?$InlineAllocator@$0CAAA@VNamedAllocator@shdfnd@physx@@@shdfnd@physx@@QEAA@AEBVNamedAllocator@12@@Z 0000000180015f80 f i RTreeCooking.obj
 0001:00014fc0       ??0?$InlineArray@UInterval@physx@@$0EAA@VNamedAllocator@shdfnd@2@@shdfnd@physx@@QEAA@AEBVNamedAllocator@12@@Z 0000000180015fc0 f i RTreeCooking.obj
 0001:00015050       ??0?$ScopedPointer@HVTempAllocator@shdfnd@physx@@@shdfnd@physx@@QEAA@XZ 0000000180016050 f i RTreeCooking.obj
 0001:00015070       ??0?$Stack@VNamedAllocator@shdfnd@physx@@@internal@shdfnd@physx@@QEAA@PEAHIAEBVNamedAllocator@23@@Z 0000000180016070 f i RTreeCooking.obj
 0001:000150e0       ??0BoundsLTE@physx@@QEAA@IPEBVPxVec3@1@@Z 00000001800160e0 f i RTreeCooking.obj
 0001:00015110       ??0Interval@physx@@QEAA@II@Z 0000000180016110 f i RTreeCooking.obj
 0001:00015140       ??0PxBounds3@physx@@QEAA@AEBVPxVec3@1@0@Z 0000000180016140 f i RTreeCooking.obj
 0001:00015190       ??0PxBounds3V@physx@@QEAA@AEAT__m128@@0@Z 0000000180016190 f i RTreeCooking.obj
 0001:000151d0       ??0PxBounds3V@physx@@QEAA@UU@01@@Z 00000001800161d0 f i RTreeCooking.obj
 0001:000151e0       ??0PxVec4@physx@@QEAA@AEBVPxVec3@1@M@Z 00000001800161e0 f i RTreeCooking.obj
 0001:00015240       ??0PxVec4@physx@@QEAA@M@Z  0000000180016240 f i RTreeCooking.obj
 0001:00015290       ??0RTreeNodeNQ@physx@@QEAA@AEBU01@@Z 0000000180016290 f i RTreeCooking.obj
 0001:000152e0       ??0RTreeNodeNQ@physx@@QEAA@XZ 00000001800162e0 f i RTreeCooking.obj
 0001:00015320       ??0SortBoundsPredicate@physx@@QEAA@IPEBUPxBounds3V@1@@Z 0000000180016320 f i RTreeCooking.obj
 0001:00015350       ??0SubSortQuick@physx@@QEAA@PEAIPEBUPxBounds3V@1@IM@Z 0000000180016350 f i RTreeCooking.obj
 0001:000154c0       ??0SubSortSAH@physx@@QEAA@PEAIPEBUPxBounds3V@1@IPEBI22222M@Z 00000001800164c0 f i RTreeCooking.obj
 0001:000156e0       ??0TempAllocator@shdfnd@physx@@QEAA@PEBD@Z 00000001800166e0 f i RTreeCooking.obj
 0001:000156f0       ??1?$Array@IVNamedAllocator@shdfnd@physx@@@shdfnd@physx@@QEAA@XZ 00000001800166f0 f i RTreeCooking.obj
 0001:00015760       ??1?$Array@UInterval@physx@@V?$InlineAllocator@$0CAAA@VNamedAllocator@shdfnd@physx@@@shdfnd@2@@shdfnd@physx@@QEAA@XZ 0000000180016760 f i RTreeCooking.obj
 0001:000157e0       ??1?$Array@UPxBounds3V@physx@@VNamedAllocator@shdfnd@2@@shdfnd@physx@@QEAA@XZ 00000001800167e0 f i RTreeCooking.obj
 0001:00015850       ??1?$Array@URTreeNodeNQ@physx@@VNamedAllocator@shdfnd@2@@shdfnd@physx@@QEAA@XZ 0000000180016850 f i RTreeCooking.obj
 0001:000158c0       ??1?$Array@URTreeNodeQ@Gu@physx@@VNamedAllocator@shdfnd@3@@shdfnd@physx@@QEAA@XZ 00000001800168c0 f i RTreeCooking.obj
 0001:00015930       ??1?$InlineAllocator@$0CAAA@VNamedAllocator@shdfnd@physx@@@shdfnd@physx@@QEAA@XZ 0000000180016930 f i RTreeCooking.obj
 0001:00015950       ??1?$InlineArray@UInterval@physx@@$0EAA@VNamedAllocator@shdfnd@2@@shdfnd@physx@@QEAA@XZ 0000000180016950 f i RTreeCooking.obj
 0001:00015970       ??1?$ScopedPointer@HVTempAllocator@shdfnd@physx@@@shdfnd@physx@@QEAA@XZ 0000000180016970 f i RTreeCooking.obj
 0001:000159a0       ??1?$Stack@VNamedAllocator@shdfnd@physx@@@internal@shdfnd@physx@@QEAA@XZ 00000001800169a0 f i RTreeCooking.obj
 0001:000159e0       ??1SubSortQuick@physx@@QEAA@XZ 00000001800169e0 f i RTreeCooking.obj
 0001:00015a00       ??1SubSortSAH@physx@@QEAA@XZ 0000000180016a00 f i RTreeCooking.obj
 0001:00015ac0       ??4PxVec4@physx@@QEAAAEAV01@AEBV01@@Z 0000000180016ac0 f i RTreeCooking.obj
 0001:00015b20       ??A?$Array@IVNamedAllocator@shdfnd@physx@@@shdfnd@physx@@QEAAAEAII@Z 0000000180016b20 f i RTreeCooking.obj
 0001:00015ba0       ??A?$Array@UInterval@physx@@V?$InlineAllocator@$0CAAA@VNamedAllocator@shdfnd@physx@@@shdfnd@2@@shdfnd@physx@@QEAAAEAUInterval@2@I@Z 0000000180016ba0 f i RTreeCooking.obj
 0001:00015c20       ??A?$Array@URTreeNodeNQ@physx@@VNamedAllocator@shdfnd@2@@shdfnd@physx@@QEAAAEAURTreeNodeNQ@2@I@Z 0000000180016c20 f i RTreeCooking.obj
 0001:00015ca0       ??A?$Array@URTreeNodeQ@Gu@physx@@VNamedAllocator@shdfnd@3@@shdfnd@physx@@QEAAAEAURTreeNodeQ@Gu@2@I@Z 0000000180016ca0 f i RTreeCooking.obj
 0001:00015d20       ??B?$ScopedPointer@HVTempAllocator@shdfnd@physx@@@shdfnd@physx@@QEBAPEAHXZ 0000000180016d20 f i RTreeCooking.obj
 0001:00015d30       ??GPxVec4@physx@@QEBA?AV01@AEBV01@@Z 0000000180016d30 f i RTreeCooking.obj
 0001:00015dc0       ??KPxVec4@physx@@QEBA?AV01@M@Z 0000000180016dc0 f i RTreeCooking.obj
 0001:00015e60       ??R?$Less@I@shdfnd@physx@@QEBA_NAEBI0@Z 0000000180016e60 f i RTreeCooking.obj
 0001:00015ea0       ??RBoundsLTE@physx@@QEBA_NAEBI0@Z 0000000180016ea0 f i RTreeCooking.obj
 0001:00015f40       ??RSortBoundsPredicate@physx@@QEBA_NAEBI0@Z 0000000180016f40 f i RTreeCooking.obj
 0001:00016070       ?FMax@aos@shdfnd@physx@@YA?AT__m128@@XZ 0000000180017070 f i RTreeCooking.obj
 0001:00016090       ?FNegMax@aos@shdfnd@physx@@YA?AT__m128@@XZ 0000000180017090 f i RTreeCooking.obj
 0001:000160b0       ?FStore@aos@shdfnd@physx@@YAXT__m128@@PEIAM@Z 00000001800170b0 f i RTreeCooking.obj
 0001:00016140       ?PxAbs@physx@@YAHH@Z       0000000180017140 f i RTreeCooking.obj
 0001:00016160       ?V3Add@aos@shdfnd@physx@@YA?AT__m128@@T4@0@Z 0000000180017160 f i RTreeCooking.obj
 0001:00016270       ?V3Dot@aos@shdfnd@physx@@YA?AT__m128@@T4@0@Z 0000000180017270 f i RTreeCooking.obj
 0001:00016410       ?V3LoadU@aos@shdfnd@physx@@YA?AT__m128@@AEBVPxVec3@3@@Z 0000000180017410 f i RTreeCooking.obj
 0001:00016460       ?V3Max@aos@shdfnd@physx@@YA?AT__m128@@T4@0@Z 0000000180017460 f i RTreeCooking.obj
 0001:00016570       ?V3Min@aos@shdfnd@physx@@YA?AT__m128@@T4@0@Z 0000000180017570 f i RTreeCooking.obj
 0001:00016680       ?V3PermZXY@aos@shdfnd@physx@@YA?AT__m128@@T4@@Z 0000000180017680 f i RTreeCooking.obj
 0001:00016710       ?V3ReadXYZ@aos@shdfnd@physx@@YAAEBVPxVec3@3@AEBT__m128@@@Z 0000000180017710 f i RTreeCooking.obj
 0001:00016720       ?V3Splat@aos@shdfnd@physx@@YA?AT__m128@@T4@@Z 0000000180017720 f i RTreeCooking.obj
 0001:00016800       ?V3StoreA@aos@shdfnd@physx@@YAXT__m128@@AEAVPxVec3@3@@Z 0000000180017800 f i RTreeCooking.obj
 0001:000168c0       ?V3StoreU@aos@shdfnd@physx@@YAXT__m128@@AEAVPxVec3@3@@Z 00000001800178c0 f i RTreeCooking.obj
 0001:00016930       ?V3Sub@aos@shdfnd@physx@@YA?AT__m128@@T4@0@Z 0000000180017930 f i RTreeCooking.obj
 0001:00016a40       ?V3Zero@aos@shdfnd@physx@@YA?AT__m128@@XZ 0000000180017a40 f i RTreeCooking.obj
 0001:00016a60       ?V4ClearW@aos@shdfnd@physx@@YA?AT__m128@@T4@@Z 0000000180017a60 f i RTreeCooking.obj
 0001:00016a90       ?V4ReadW@aos@shdfnd@physx@@YAMAEBT__m128@@@Z 0000000180017a90 f i RTreeCooking.obj
 0001:00016aa0       ?V4ReadX@aos@shdfnd@physx@@YAMAEBT__m128@@@Z 0000000180017aa0 f i RTreeCooking.obj
 0001:00016ab0       ?V4ReadY@aos@shdfnd@physx@@YAMAEBT__m128@@@Z 0000000180017ab0 f i RTreeCooking.obj
 0001:00016ac0       ?V4ReadZ@aos@shdfnd@physx@@YAMAEBT__m128@@@Z 0000000180017ac0 f i RTreeCooking.obj
 0001:00016ad0       ?Vec3V_From_FloatV@aos@shdfnd@physx@@YA?AT__m128@@T4@@Z 0000000180017ad0 f i RTreeCooking.obj
 0001:00016b20       ?Vec3V_From_Vec4V@aos@shdfnd@physx@@YA?AT__m128@@T4@@Z 0000000180017b20 f i RTreeCooking.obj
 0001:00016b50       ?Vec4V_From_FloatV@aos@shdfnd@physx@@YA?AT__m128@@T4@@Z 0000000180017b50 f i RTreeCooking.obj
 0001:00016b60       ?allocate@?$AlignedAllocator@$0IA@VNonTrackingAllocator@shdfnd@physx@@@shdfnd@physx@@QEAAPEAX_KPEBDH@Z 0000000180017b60 f i RTreeCooking.obj
 0001:00016c00       ?allocate@?$Array@IVNamedAllocator@shdfnd@physx@@@shdfnd@physx@@IEAAPEAII@Z 0000000180017c00 f i RTreeCooking.obj
 0001:00016c90       ?allocate@?$Array@UInterval@physx@@V?$InlineAllocator@$0CAAA@VNamedAllocator@shdfnd@physx@@@shdfnd@2@@shdfnd@physx@@IEAAPEAUInterval@3@I@Z 0000000180017c90 f i RTreeCooking.obj
 0001:00016d20       ?allocate@?$Array@UPxBounds3V@physx@@VNamedAllocator@shdfnd@2@@shdfnd@physx@@IEAAPEAUPxBounds3V@3@I@Z 0000000180017d20 f i RTreeCooking.obj
 0001:00016db0       ?allocate@?$Array@URTreeNodeNQ@physx@@VNamedAllocator@shdfnd@2@@shdfnd@physx@@IEAAPEAURTreeNodeNQ@3@I@Z 0000000180017db0 f i RTreeCooking.obj
 0001:00016e40       ?allocate@?$Array@URTreeNodeQ@Gu@physx@@VNamedAllocator@shdfnd@3@@shdfnd@physx@@IEAAPEAURTreeNodeQ@Gu@3@I@Z 0000000180017e40 f i RTreeCooking.obj
 0001:00016ed0       ?allocate@?$InlineAllocator@$0CAAA@VNamedAllocator@shdfnd@physx@@@shdfnd@physx@@QEAAPEAXIPEBDH@Z 0000000180017ed0 f i RTreeCooking.obj
 0001:00016f40       ?allocate@NonTrackingAllocator@shdfnd@physx@@QEAAPEAX_KPEBDH@Z 0000000180017f40 f i RTreeCooking.obj
 0001:00016fb0       ?begin@?$Array@IVNamedAllocator@shdfnd@physx@@@shdfnd@physx@@QEAAPEAIXZ 0000000180017fb0 f i RTreeCooking.obj
 0001:00016fc0       ?begin@?$Array@UPxBounds3V@physx@@VNamedAllocator@shdfnd@2@@shdfnd@physx@@QEAAPEAUPxBounds3V@3@XZ 0000000180017fc0 f i RTreeCooking.obj
 0001:00016fd0       ?begin@?$Array@VPxVec3@physx@@VNamedAllocator@shdfnd@2@@shdfnd@physx@@QEAAPEAVPxVec3@3@XZ 0000000180017fd0 f i RTreeCooking.obj
 0001:00016fe0       ?capacity@?$Array@IVNamedAllocator@shdfnd@physx@@@shdfnd@physx@@QEBAIXZ 0000000180017fe0 f i RTreeCooking.obj
 0001:00017000       ?capacity@?$Array@UInterval@physx@@V?$InlineAllocator@$0CAAA@VNamedAllocator@shdfnd@physx@@@shdfnd@2@@shdfnd@physx@@QEBAIXZ 0000000180018000 f i RTreeCooking.obj
 0001:00017020       ?capacity@?$Array@UPxBounds3V@physx@@VNamedAllocator@shdfnd@2@@shdfnd@physx@@QEBAIXZ 0000000180018020 f i RTreeCooking.obj
 0001:00017040       ?capacity@?$Array@URTreeNodeNQ@physx@@VNamedAllocator@shdfnd@2@@shdfnd@physx@@QEBAIXZ 0000000180018040 f i RTreeCooking.obj
 0001:00017060       ?capacity@?$Array@URTreeNodeQ@Gu@physx@@VNamedAllocator@shdfnd@3@@shdfnd@physx@@QEBAIXZ 0000000180018060 f i RTreeCooking.obj
 0001:00017080       ?capacityIncrement@?$Array@IVNamedAllocator@shdfnd@physx@@@shdfnd@physx@@IEBAIXZ 0000000180018080 f i RTreeCooking.obj
 0001:000170c0       ?capacityIncrement@?$Array@UInterval@physx@@V?$InlineAllocator@$0CAAA@VNamedAllocator@shdfnd@physx@@@shdfnd@2@@shdfnd@physx@@IEBAIXZ 00000001800180c0 f i RTreeCooking.obj
 0001:00017100       ?capacityIncrement@?$Array@UPxBounds3V@physx@@VNamedAllocator@shdfnd@2@@shdfnd@physx@@IEBAIXZ 0000000180018100 f i RTreeCooking.obj
 0001:00017140       ?capacityIncrement@?$Array@URTreeNodeNQ@physx@@VNamedAllocator@shdfnd@2@@shdfnd@physx@@IEBAIXZ 0000000180018140 f i RTreeCooking.obj
 0001:00017180       ?capacityIncrement@?$Array@URTreeNodeQ@Gu@physx@@VNamedAllocator@shdfnd@3@@shdfnd@physx@@IEBAIXZ 0000000180018180 f i RTreeCooking.obj
 0001:000171c0       ?computeSA@SubSortSAH@physx@@QEAAMPEBIAEBUInterval@2@@Z 00000001800181c0 f i RTreeCooking.obj
 0001:000173d0       ?copy@?$Array@IVNamedAllocator@shdfnd@physx@@@shdfnd@physx@@KAXPEAI0PEBI@Z 00000001800183d0 f i RTreeCooking.obj
 0001:00017450       ?copy@?$Array@UInterval@physx@@V?$InlineAllocator@$0CAAA@VNamedAllocator@shdfnd@physx@@@shdfnd@2@@shdfnd@physx@@KAXPEAUInterval@3@0PEBU43@@Z 0000000180018450 f i RTreeCooking.obj
 0001:000174d0       ?copy@?$Array@UPxBounds3V@physx@@VNamedAllocator@shdfnd@2@@shdfnd@physx@@KAXPEAUPxBounds3V@3@0PEBU43@@Z 00000001800184d0 f i RTreeCooking.obj
 0001:00017550       ?copy@?$Array@URTreeNodeNQ@physx@@VNamedAllocator@shdfnd@2@@shdfnd@physx@@KAXPEAURTreeNodeNQ@3@0PEBU43@@Z 0000000180018550 f i RTreeCooking.obj
 0001:000175d0       ?copy@?$Array@URTreeNodeQ@Gu@physx@@VNamedAllocator@shdfnd@3@@shdfnd@physx@@KAXPEAURTreeNodeQ@Gu@3@0PEBU453@@Z 00000001800185d0 f i RTreeCooking.obj
 0001:00017650       ?create@?$Array@IVNamedAllocator@shdfnd@physx@@@shdfnd@physx@@KAXPEAI0AEBI@Z 0000000180018650 f i RTreeCooking.obj
 0001:000176b0       ?deallocate@?$Array@IVNamedAllocator@shdfnd@physx@@@shdfnd@physx@@IEAAXPEAX@Z 00000001800186b0 f i RTreeCooking.obj
 0001:000176e0       ?deallocate@?$Array@UInterval@physx@@V?$InlineAllocator@$0CAAA@VNamedAllocator@shdfnd@physx@@@shdfnd@2@@shdfnd@physx@@IEAAXPEAX@Z 00000001800186e0 f i RTreeCooking.obj
 0001:00017710       ?deallocate@?$Array@UPxBounds3V@physx@@VNamedAllocator@shdfnd@2@@shdfnd@physx@@IEAAXPEAX@Z 0000000180018710 f i RTreeCooking.obj
 0001:00017740       ?deallocate@?$Array@URTreeNodeNQ@physx@@VNamedAllocator@shdfnd@2@@shdfnd@physx@@IEAAXPEAX@Z 0000000180018740 f i RTreeCooking.obj
 0001:00017770       ?deallocate@?$Array@URTreeNodeQ@Gu@physx@@VNamedAllocator@shdfnd@3@@shdfnd@physx@@IEAAXPEAX@Z 0000000180018770 f i RTreeCooking.obj
 0001:000177a0       ?deallocate@?$InlineAllocator@$0CAAA@VNamedAllocator@shdfnd@physx@@@shdfnd@physx@@QEAAXPEAX@Z 00000001800187a0 f i RTreeCooking.obj
 0001:000177e0       ?destroy@?$Array@IVNamedAllocator@shdfnd@physx@@@shdfnd@physx@@KAXPEAI0@Z 00000001800187e0 f i RTreeCooking.obj
 0001:00017810       ?destroy@?$Array@UInterval@physx@@V?$InlineAllocator@$0CAAA@VNamedAllocator@shdfnd@physx@@@shdfnd@2@@shdfnd@physx@@KAXPEAUInterval@3@0@Z 0000000180018810 f i RTreeCooking.obj
 0001:00017840       ?destroy@?$Array@UPxBounds3V@physx@@VNamedAllocator@shdfnd@2@@shdfnd@physx@@KAXPEAUPxBounds3V@3@0@Z 0000000180018840 f i RTreeCooking.obj
 0001:00017870       ?destroy@?$Array@URTreeNodeNQ@physx@@VNamedAllocator@shdfnd@2@@shdfnd@physx@@KAXPEAURTreeNodeNQ@3@0@Z 0000000180018870 f i RTreeCooking.obj
 0001:000178a0       ?destroy@?$Array@URTreeNodeQ@Gu@physx@@VNamedAllocator@shdfnd@3@@shdfnd@physx@@KAXPEAURTreeNodeQ@Gu@3@0@Z 00000001800188a0 f i RTreeCooking.obj
 0001:000178d0       ?empty@?$Stack@VNamedAllocator@shdfnd@physx@@@internal@shdfnd@physx@@QEAA_NXZ 00000001800188d0 f i RTreeCooking.obj
 0001:00017900       ?empty@PxBounds3@physx@@SA?AV12@XZ 0000000180018900 f i RTreeCooking.obj
 0001:00017960       ?getExtents@PxBounds3V@physx@@QEBA?AT__m128@@XZ 0000000180018960 f i RTreeCooking.obj
 0001:000179c0       ?getMaxVec3@PxBounds3V@physx@@QEBA?BVPxVec3@2@XZ 00000001800189c0 f i RTreeCooking.obj
 0001:00017a10       ?getMinVec3@PxBounds3V@physx@@QEBA?BVPxVec3@2@XZ 0000000180018a10 f i RTreeCooking.obj
 0001:00017a60       ?grow@?$Array@IVNamedAllocator@shdfnd@physx@@@shdfnd@physx@@IEAAXI@Z 0000000180018a60 f i RTreeCooking.obj
 0001:00017ae0       ?grow@?$Array@UPxBounds3V@physx@@VNamedAllocator@shdfnd@2@@shdfnd@physx@@IEAAXI@Z 0000000180018ae0 f i RTreeCooking.obj
 0001:00017b60       ?grow@?$Array@URTreeNodeNQ@physx@@VNamedAllocator@shdfnd@2@@shdfnd@physx@@IEAAXI@Z 0000000180018b60 f i RTreeCooking.obj
 0001:00017be0       ?grow@?$Array@URTreeNodeQ@Gu@physx@@VNamedAllocator@shdfnd@3@@shdfnd@physx@@IEAAXI@Z 0000000180018be0 f i RTreeCooking.obj
 0001:00017c60       ?grow@?$Array@VPxVec3@physx@@VNamedAllocator@shdfnd@2@@shdfnd@physx@@IEAAXI@Z 0000000180018c60 f i RTreeCooking.obj
 0001:00017ce0       ?grow@?$Stack@VNamedAllocator@shdfnd@physx@@@internal@shdfnd@physx@@QEAAXXZ 0000000180018ce0 f i RTreeCooking.obj
 0001:00017d90       ?growAndPushBack@?$Array@IVNamedAllocator@shdfnd@physx@@@shdfnd@physx@@IEAAAEAIAEBI@Z 0000000180018d90 f i RTreeCooking.obj
 0001:00017f10       ?growAndPushBack@?$Array@UInterval@physx@@V?$InlineAllocator@$0CAAA@VNamedAllocator@shdfnd@physx@@@shdfnd@2@@shdfnd@physx@@IEAAAEAUInterval@3@AEBU43@@Z 0000000180018f10 f i RTreeCooking.obj
 0001:000180c0       ?growAndPushBack@?$Array@UPxBounds3V@physx@@VNamedAllocator@shdfnd@2@@shdfnd@physx@@IEAAAEAUPxBounds3V@3@AEBU43@@Z 00000001800190c0 f i RTreeCooking.obj
 0001:00018290       ?growAndPushBack@?$Array@URTreeNodeNQ@physx@@VNamedAllocator@shdfnd@2@@shdfnd@physx@@IEAAAEAURTreeNodeNQ@3@AEBU43@@Z 0000000180019290 f i RTreeCooking.obj
 0001:00018420       ?growAndPushBack@?$Array@URTreeNodeQ@Gu@physx@@VNamedAllocator@shdfnd@3@@shdfnd@physx@@IEAAAEAURTreeNodeQ@Gu@3@AEBU453@@Z 0000000180019420 f i RTreeCooking.obj
 0001:000185f0       ?include@PxBounds3V@physx@@QEAAXAEBU12@@Z 00000001800195f0 f i RTreeCooking.obj
 0001:000186a0       ?isInUserMemory@?$Array@IVNamedAllocator@shdfnd@physx@@@shdfnd@physx@@QEBAIXZ 00000001800196a0 f i RTreeCooking.obj
 0001:000186c0       ?isInUserMemory@?$Array@UInterval@physx@@V?$InlineAllocator@$0CAAA@VNamedAllocator@shdfnd@physx@@@shdfnd@2@@shdfnd@physx@@QEBAIXZ 00000001800196c0 f i RTreeCooking.obj
 0001:000186e0       ?isInUserMemory@?$Array@UPxBounds3V@physx@@VNamedAllocator@shdfnd@2@@shdfnd@physx@@QEBAIXZ 00000001800196e0 f i RTreeCooking.obj
 0001:00018700       ?isInUserMemory@?$Array@URTreeNodeNQ@physx@@VNamedAllocator@shdfnd@2@@shdfnd@physx@@QEBAIXZ 0000000180019700 f i RTreeCooking.obj
 0001:00018720       ?isInUserMemory@?$Array@URTreeNodeQ@Gu@physx@@VNamedAllocator@shdfnd@3@@shdfnd@physx@@QEBAIXZ 0000000180019720 f i RTreeCooking.obj
 0001:00018740       ?isInside@PxBounds3@physx@@QEBA_NAEBV12@@Z 0000000180019740 f i RTreeCooking.obj
 0001:00018830       ?isLeaf@RTreeNodeQ@Gu@physx@@QEBAIXZ 0000000180019830 f i RTreeCooking.obj
 0001:00018850       ?isValidFloatV@aos@shdfnd@physx@@YA_NT__m128@@@Z 0000000180019850 f i RTreeCooking.obj
 0001:00018960       ?isValidVec3V@aos@shdfnd@physx@@YA_NT__m128@@@Z 0000000180019960 f i RTreeCooking.obj
 0001:000189c0       ?pop@?$Stack@VNamedAllocator@shdfnd@physx@@@internal@shdfnd@physx@@QEAAXAEAH0@Z 00000001800199c0 f i RTreeCooking.obj
 0001:00018aa0       ?popBack@?$Array@IVNamedAllocator@shdfnd@physx@@@shdfnd@physx@@QEAAIXZ 0000000180019aa0 f i RTreeCooking.obj
 0001:00018b40       ?push@?$Stack@VNamedAllocator@shdfnd@physx@@@internal@shdfnd@physx@@QEAAXHH@Z 0000000180019b40 f i RTreeCooking.obj
 0001:00018bd0       ?pushBack@?$Array@IVNamedAllocator@shdfnd@physx@@@shdfnd@physx@@QEAAAEAIAEBI@Z 0000000180019bd0 f i RTreeCooking.obj
[...]
 0004:00002e08       $pdata$?growAndPushBack@?$Array@PEAUQuickHullVertex@local@@VNamedAllocator@shdfnd@physx@@@shdfnd@physx@@IEAAAEAPEAUQuickHullVertex@local@@AEBQEAU45@@Z 0000000180063e08     QuickHullConvexHullLib.obj
 0004:00002dd8       $pdata$?grow@?$Array@PEAUQuickHullVertex@local@@VNamedAllocator@shdfnd@physx@@@shdfnd@physx@@IEAAXI@Z 0000000180063dd8     QuickHullConvexHullLib.obj
 0004:00002e8c       $pdata$?recreate@?$Array@PEAUQuickHullVertex@local@@VNamedAllocator@shdfnd@physx@@@shdfnd@physx@@IEAAXI@Z 0000000180063e8c     QuickHullConvexHullLib.obj
 0004:00002cac       $pdata$?capacityIncrement@?$Array@PEAUQuickHullVertex@local@@VNamedAllocator@shdfnd@physx@@@shdfnd@physx@@IEBAIXZ 0000000180063cac     QuickHullConvexHullLib.obj
 0004:00002c34       $pdata$??_GQuickHull@local@@QEAAPEAXI@Z 0000000180063c34     QuickHullConvexHullLib.obj
 0004:00002b80       $pdata$??1?$ScopedPointer@UQuickHullHalfEdge@local@@VTempAllocator@shdfnd@physx@@@shdfnd@physx@@QEAA@XZ 0000000180063b80     QuickHullConvexHullLib.obj
 0004:00002aa8       $pdata$??0?$ScopedPointer@UQuickHullHalfEdge@local@@VTempAllocator@shdfnd@physx@@@shdfnd@physx@@QEAA@XZ 0000000180063aa8     QuickHullConvexHullLib.obj
 0004:00002ad8       $pdata$??0ExpandPoint@local@@QEAA@XZ 0000000180063ad8     QuickHullConvexHullLib.obj
 0004:00002acc       $pdata$??0ExpandPoint@local@@QEAA@AEBU01@@Z 0000000180063acc     QuickHullConvexHullLib.obj
 0004:00002bbc       $pdata$??A?$Array@IVNamedAllocator@shdfnd@physx@@@shdfnd@physx@@QEBAAEBII@Z 0000000180063bbc     QuickHullConvexHullLib.obj
 0004:00002a84       $pdata$??0?$Array@UExpandPoint@local@@VNamedAllocator@shdfnd@physx@@@shdfnd@physx@@QEAA@AEBVNamedAllocator@12@@Z 0000000180063a84     QuickHullConvexHullLib.obj
 0004:00002b44       $pdata$??1?$Array@UExpandPoint@local@@VNamedAllocator@shdfnd@physx@@@shdfnd@physx@@QEAA@XZ 0000000180063b44     QuickHullConvexHullLib.obj
 0004:00002c04       $pdata$??A?$Array@UExpandPoint@local@@VNamedAllocator@shdfnd@physx@@@shdfnd@physx@@QEAAAEAUExpandPoint@local@@I@Z 0000000180063c04     QuickHullConvexHullLib.obj
 0004:00002e68       $pdata$?pushBack@?$Array@UExpandPoint@local@@VNamedAllocator@shdfnd@physx@@@shdfnd@physx@@QEAAAEAUExpandPoint@local@@AEBU45@@Z 0000000180063e68     QuickHullConvexHullLib.obj
 0004:00002ec8       $pdata$?reserve@?$Array@UExpandPoint@local@@VNamedAllocator@shdfnd@physx@@@shdfnd@physx@@QEAAXI@Z 0000000180063ec8     QuickHullConvexHullLib.obj
 0004:00002c7c       $pdata$?allocate@?$Array@UExpandPoint@local@@VNamedAllocator@shdfnd@physx@@@shdfnd@physx@@IEAAPEAUExpandPoint@local@@I@Z 0000000180063c7c     QuickHullConvexHullLib.obj
 0004:00002d48       $pdata$?deallocate@?$Array@UExpandPoint@local@@VNamedAllocator@shdfnd@physx@@@shdfnd@physx@@IEAAXPEAX@Z 0000000180063d48     QuickHullConvexHullLib.obj
 0004:00002d18       $pdata$?copy@?$Array@UExpandPoint@local@@VNamedAllocator@shdfnd@physx@@@shdfnd@physx@@KAXPEAUExpandPoint@local@@0PEBU45@@Z 0000000180063d18     QuickHullConvexHullLib.obj
 0004:00002e14       $pdata$?growAndPushBack@?$Array@UExpandPoint@local@@VNamedAllocator@shdfnd@physx@@@shdfnd@physx@@IEAAAEAUExpandPoint@local@@AEBU45@@Z 0000000180063e14     QuickHullConvexHullLib.obj
 0004:00002de4       $pdata$?grow@?$Array@UExpandPoint@local@@VNamedAllocator@shdfnd@physx@@@shdfnd@physx@@IEAAXI@Z 0000000180063de4     QuickHullConvexHullLib.obj
 0004:00002e98       $pdata$?recreate@?$Array@UExpandPoint@local@@VNamedAllocator@shdfnd@physx@@@shdfnd@physx@@IEAAXI@Z 0000000180063e98     QuickHullConvexHullLib.obj
 0004:00002cb8       $pdata$?capacityIncrement@?$Array@UExpandPoint@local@@VNamedAllocator@shdfnd@physx@@@shdfnd@physx@@IEBAIXZ 0000000180063cb8     QuickHullConvexHullLib.obj
 0004:00002db4       $pdata$?getName@?$ReflectionAllocator@VQuickHull@local@@@shdfnd@physx@@CAPEBDXZ 0000000180063db4     QuickHullConvexHullLib.obj
 0004:00002c88       $pdata$?allocate@?$ReflectionAllocator@VQuickHull@local@@@shdfnd@physx@@QEAAPEAX_KPEBDH@Z 0000000180063c88     QuickHullConvexHullLib.obj
 0004:00002a54       $pdata$??$?2V?$ReflectionAllocator@VQuickHull@local@@@shdfnd@physx@@@UserAllocated@shdfnd@physx@@SAPEAX_KV?$ReflectionAllocator@VQuickHull@local@@@12@PEBDH@Z 0000000180063a54     QuickHullConvexHullLib.obj
 0004:00002b8c       $pdata$??1?$ScopedPointer@VPxVec3@physx@@VTempAllocator@shdfnd@2@@shdfnd@physx@@QEAA@XZ 0000000180063b8c     QuickHullConvexHullLib.obj
 0004:00002ab4       $pdata$??0?$ScopedPointer@VPxVec3@physx@@VTempAllocator@shdfnd@2@@shdfnd@physx@@QEAA@XZ 0000000180063ab4     QuickHullConvexHullLib.obj
 0004:00003000       $pdata$?isZero@PxVec3@physx@@QEBA_NXZ 0000000180064000     VolumeIntegration.obj
 0004:00002eec       $pdata$??Dphysx@@YA?AVPxVec3@0@MAEBV10@@Z 0000000180063eec     VolumeIntegration.obj
 0004:00002ef8       $pdata$?computeVolumeIntegrals@physx@@YA_NAEBVPxSimpleTriangleMesh@1@MAEAUPxIntegrals@1@@Z 0000000180063ef8     VolumeIntegration.obj
 0004:00002f04       $pdata$?computeVolumeIntegralsEberly@physx@@YA_NAEBVPxConvexMeshDesc@1@MAEAUPxIntegrals@1@AEBVPxVec3@1@@Z 0000000180063f04     VolumeIntegration.obj
 0004:00002f10       $pdata$?computeVolumeIntegralsEberlySIMD@physx@@YA_NAEBVPxConvexMeshDesc@1@MAEAUPxIntegrals@1@AEBVPxVec3@1@@Z 0000000180063f10     VolumeIntegration.obj
 0004:00002f1c       $pdata$??0VolumeIntegrator@?A0x3236b418@physx@@QEAA@VPxSimpleTriangleMesh@2@N@Z 0000000180063f1c     VolumeIntegration.obj
 0004:00002f28       $pdata$?computeVolumeIntegrals@VolumeIntegrator@?A0x3236b418@physx@@QEAA_NAEAUPxIntegrals@3@@Z 0000000180063f28     VolumeIntegration.obj
 0004:00002f34       $pdata$?computeCenterOfMass@VolumeIntegrator@?A0x3236b418@physx@@AEAA?AVPxVec3@3@XZ 0000000180063f34     VolumeIntegration.obj
 0004:00002f40       $pdata$?computeInertiaTensor@VolumeIntegrator@?A0x3236b418@physx@@AEAAXPEAN@Z 0000000180063f40     VolumeIntegration.obj
 0004:00002f4c       $pdata$?computeCOMInertiaTensor@VolumeIntegrator@?A0x3236b418@physx@@AEAAXPEAN@Z 0000000180063f4c     VolumeIntegration.obj
 0004:00002f58       $pdata$?computeFaceNormal@VolumeIntegrator@?A0x3236b418@physx@@AEAAXAEAUFace@123@PEAI@Z 0000000180063f58     VolumeIntegration.obj
 0004:00002f64       $pdata$?computeProjectionIntegrals@VolumeIntegrator@?A0x3236b418@physx@@AEAAXAEBUFace@123@@Z 0000000180063f64     VolumeIntegration.obj
 0004:00002f70       $pdata$?computeFaceIntegrals@VolumeIntegrator@?A0x3236b418@physx@@AEAAXAEBUFace@123@@Z 0000000180063f70     VolumeIntegration.obj
 0004:00002f7c       $pdata$?computeVolumeIntegralsSIMD@VolumeIntegratorEberly@?A0x3236b418@physx@@QEAA_NAEAUPxIntegrals@3@AEBVPxVec3@3@@Z 0000000180063f7c     VolumeIntegration.obj
 0004:00002f88       $pdata$?computeVolumeIntegrals@VolumeIntegratorEberly@?A0x3236b418@physx@@QEAA_NAEAUPxIntegrals@3@AEBVPxVec3@3@@Z 0000000180063f88     VolumeIntegration.obj
 0004:00002fa0       $pdata$??0PxSimpleTriangleMesh@physx@@QEAA@XZ 0000000180063fa0     VolumeIntegration.obj
 0004:00002fac       $pdata$??4PxSimpleTriangleMesh@physx@@QEAAAEAV01@AEBV01@@Z 0000000180063fac     VolumeIntegration.obj
 0004:00002ff4       $pdata$?Vec4V_From_PxVec3_WUndefined@aos@shdfnd@physx@@YA?AT__m128@@AEBVPxVec3@3@@Z 0000000180063ff4     VolumeIntegration.obj
 0004:00002fb8       $pdata$?FAllGrtr@aos@shdfnd@physx@@YAIT__m128@@0@Z 0000000180063fb8     VolumeIntegration.obj
 0004:00002fe8       $pdata$?V4ScaleInv@aos@shdfnd@physx@@YA?AT__m128@@T4@0@Z 0000000180063fe8     VolumeIntegration.obj
 0004:00002fd0       $pdata$?V4Dot3@aos@shdfnd@physx@@YA?AT__m128@@T4@0@Z 0000000180063fd0     VolumeIntegration.obj
 0004:00002fc4       $pdata$?V4Cross@aos@shdfnd@physx@@YA?AT__m128@@T4@0@Z 0000000180063fc4     VolumeIntegration.obj
 0004:00002fdc       $pdata$?V4PermYZXW@aos@shdfnd@physx@@YA?AT__m128@@T4@@Z 0000000180063fdc     VolumeIntegration.obj
 0004:000002c4       $pdata$??__EminFError@_VecMathTests@aos@shdfnd@physx@@YAXXZ 00000001800612c4     VolumeIntegration.obj
 0004:000002a0       $pdata$??__EmaxFError@_VecMathTests@aos@shdfnd@physx@@YAXXZ 00000001800612a0     VolumeIntegration.obj
 0004:000002d0       $pdata$??__EminV3Error@_VecMathTests@aos@shdfnd@physx@@YAXXZ 00000001800612d0     VolumeIntegration.obj
 0004:000002ac       $pdata$??__EmaxV3Error@_VecMathTests@aos@shdfnd@physx@@YAXXZ 00000001800612ac     VolumeIntegration.obj
 0004:000002dc       $pdata$??__EminV4Error@_VecMathTests@aos@shdfnd@physx@@YAXXZ 00000001800612dc     VolumeIntegration.obj
 0004:000002b8       $pdata$??__EmaxV4Error@_VecMathTests@aos@shdfnd@physx@@YAXXZ 00000001800612b8     VolumeIntegration.obj
 0004:0000300c       $pdata$?subexpressions@?A0x3236b418@physx@@YAXNNNAEAN00000@Z 000000018006400c     VolumeIntegration.obj
 0004:00003018       $pdata$?subexpressionsSIMD@?A0x3236b418@physx@@YAXAEBT__m128@@00AEAT3@11111@Z 0000000180064018     VolumeIntegration.obj
 0004:00002f94       $pdata$??$swap@VPxVec3@physx@@@shdfnd@physx@@YAXAEAVPxVec3@1@0@Z 0000000180063f94     VolumeIntegration.obj
 0004:00003030       $pdata$?loadLibrary@Cm@physx@@YAPEAUHINSTANCE__@@PEBD@Z 0000000180064030     WindowsCookingDelayLoadHook.obj
 0004:0000303c       $pdata$?physXCommonDliNotePreLoadLibrary@Cm@physx@@YAP6A_JXZPEBDPEBVPxDelayLoadHook@2@@Z 000000018006403c     WindowsCookingDelayLoadHook.obj
 0004:00003024       $pdata$?delayHook@@YAP6A_JXZIPEAUDelayLoadInfo@@@Z 0000000180064024     WindowsCookingDelayLoadHook.obj
 0004:000030cc       $pdata$__FUnloadDelayLoadedDLL2 00000001800640cc     Delayimp:delayhlp.obj
 0004:000030d8       $pdata$__HrLoadAllImportsForDll 00000001800640d8     Delayimp:delayhlp.obj
 0004:0000306c       $pdata$?DloadGetSRWLockFunctionPointers@@YAEXZ 000000018006406c     Delayimp:delayhlp.obj
 0004:00003078       $pdata$?DloadLock@@YAXXZ   0000000180064078     Delayimp:delayhlp.obj
 0004:000030b4       $pdata$?DloadUnlock@@YAXXZ 00000001800640b4     Delayimp:delayhlp.obj
 0004:00003090       $pdata$?DloadObtainSection@@YAPEAXPEAK0@Z 0000000180064090     Delayimp:delayhlp.obj
 0004:00003084       $pdata$?DloadMakePermanentImageCommit@@YAXPEAX_K@Z 0000000180064084     Delayimp:delayhlp.obj
 0004:0000309c       $pdata$?DloadProtectSection@@YAXKPEAK@Z 000000018006409c     Delayimp:delayhlp.obj
 0004:00003060       $pdata$?DloadAcquireSectionWriteAccess@@YAXXZ 0000000180064060     Delayimp:delayhlp.obj
 0004:000030a8       $pdata$?DloadReleaseSectionWriteAccess@@YAXXZ 00000001800640a8     Delayimp:delayhlp.obj
 0004:000030c0       $pdata$?PiddFromDllName@@YAPEBUImgDelayDescr@@PEBD@Z 00000001800640c0     Delayimp:delayhlp.obj
 0004:000030e4       $pdata$__delayLoadHelper2  00000001800640e4     Delayimp:delayhlp.obj
 0004:000030f0       $pdata$??3@YAXPEAX_K@Z     00000001800640f0     MSVCRTD:delete_scalar_size.obj
 0004:000030fc       $pdata$??_V@YAXPEAX_K@Z    00000001800640fc     MSVCRTD:delete_array_size.obj
 0004:00003114       $pdata$_RTC_Shutdown       0000000180064114     MSVCRTD:init.obj
 0004:00003108       $pdata$_RTC_InitBase       0000000180064108     MSVCRTD:init.obj
 0004:00003120       $pdata$?__scrt_initialize_type_info@@YAXXZ 0000000180064120     MSVCRTD:tncleanup.obj
 0004:0000312c       $pdata$?__scrt_uninitialize_type_info@@YAXXZ 000000018006412c     MSVCRTD:tncleanup.obj
 0004:00003138       $pdata$??_Gtype_info@@UEAAPEAXI@Z 0000000180064138     MSVCRTD:std_type_info_static.obj
 0004:00003150       $pdata$??3@YAXPEAX@Z       0000000180064150     MSVCRTD:delete_scalar.obj
 0004:0000315c       $pdata$??_V@YAXPEAX@Z      000000018006415c     MSVCRTD:delete_array.obj
 0004:00003174       $pdata$?dllmain_crt_process_attach@@YAHQEAUHINSTANCE__@@QEAX@Z 0000000180064174     MSVCRTD:dll_dllmain.obj
 0004:000034ec       $pdata$?fin$0@?0??dllmain_crt_process_attach@@YAHQEAUHINSTANCE__@@QEAX@Z@4HA 00000001800644ec     MSVCRTD:dll_dllmain.obj
 0004:00003180       $pdata$?dllmain_crt_process_detach@@YAH_N@Z 0000000180064180     MSVCRTD:dll_dllmain.obj
 0004:000034f8       $pdata$?fin$0@?0??dllmain_crt_process_detach@@YAH_N@Z@4HA 00000001800644f8     MSVCRTD:dll_dllmain.obj
 0004:00003168       $pdata$?dllmain_crt_dispatch@@YAHQEAUHINSTANCE__@@KQEAX@Z 0000000180064168     MSVCRTD:dll_dllmain.obj
 0004:000031a4       $pdata$_CRT_INIT           00000001800641a4     MSVCRTD:dll_dllmain.obj
 0004:00003198       $pdata$?dllmain_raw@@YAHQEAUHINSTANCE__@@KQEAX@Z 0000000180064198     MSVCRTD:dll_dllmain.obj
 0004:0000318c       $pdata$?dllmain_dispatch@@YAHQEAUHINSTANCE__@@KQEAX@Z 000000018006418c     MSVCRTD:dll_dllmain.obj
 0004:00003504       $pdata$?filt$0@?0??dllmain_dispatch@@YAHQEAUHINSTANCE__@@KQEAX@Z@4HA 0000000180064504     MSVCRTD:dll_dllmain.obj
 0004:000031b0       $pdata$_DllMainCRTStartup  00000001800641b0     MSVCRTD:dll_dllmain.obj
 0004:000031bc       $pdata$ReadNoFence64       00000001800641bc     MSVCRTD:guard_support.obj
 0004:000031c8       $pdata$ReadPointerNoFence  00000001800641c8     MSVCRTD:guard_support.obj
 0004:000031d4       $pdata$_guard_icall_checks_enforced 00000001800641d4     MSVCRTD:guard_support.obj
 0004:000031ec       $pdata$__security_init_cookie 00000001800641ec     MSVCRTD:gs_support.obj
 0004:000031e0       $pdata$__get_entropy       00000001800641e0     MSVCRTD:gs_support.obj
 0004:000031f8       $pdata$DllMain             00000001800641f8     MSVCRTD:dll_dllmain_stub.obj
 0004:00003204       $pdata$__scrt_initialize_default_local_stdio_options 0000000180064204     MSVCRTD:default_local_stdio_options.obj
 0004:0000330c       $pdata$atexit              000000018006430c     MSVCRTD:utility.obj
 0004:000032f4       $pdata$_onexit             00000001800642f4     MSVCRTD:utility.obj
 0004:00003300       $pdata$at_quick_exit       0000000180064300     MSVCRTD:utility.obj
 0004:000032d0       $pdata$__scrt_is_nonwritable_in_current_image 00000001800642d0     MSVCRTD:utility.obj
 0004:00003510       $pdata$__scrt_is_nonwritable_in_current_image$filt$0 0000000180064510     MSVCRTD:utility.obj
 0004:00003258       $pdata$__scrt_acquire_startup_lock 0000000180064258     MSVCRTD:utility.obj
 0004:000032dc       $pdata$__scrt_release_startup_lock 00000001800642dc     MSVCRTD:utility.obj
 0004:000032b8       $pdata$__scrt_initialize_crt 00000001800642b8     MSVCRTD:utility.obj
 0004:000032e8       $pdata$__scrt_uninitialize_crt 00000001800642e8     MSVCRTD:utility.obj
 0004:000032c4       $pdata$__scrt_initialize_onexit_tables 00000001800642c4     MSVCRTD:utility.obj
 0004:00003294       $pdata$__scrt_dllmain_exception_filter 0000000180064294     MSVCRTD:utility.obj
 0004:00003270       $pdata$__scrt_dllmain_before_initialize_c 0000000180064270     MSVCRTD:utility.obj
 0004:00003264       $pdata$__scrt_dllmain_after_initialize_c 0000000180064264     MSVCRTD:utility.obj
 0004:000032a0       $pdata$__scrt_dllmain_uninitialize_c 00000001800642a0     MSVCRTD:utility.obj
 0004:000032ac       $pdata$__scrt_dllmain_uninitialize_critical 00000001800642ac     MSVCRTD:utility.obj
 0004:0000327c       $pdata$__scrt_dllmain_crt_thread_attach 000000018006427c     MSVCRTD:utility.obj
 0004:00003288       $pdata$__scrt_dllmain_crt_thread_detach 0000000180064288     MSVCRTD:utility.obj
 0004:00003228       $pdata$?configure_argv@__scrt_narrow_argv_policy@@SAHXZ 0000000180064228     MSVCRTD:utility.obj
 0004:00003240       $pdata$?initialize_environment@__scrt_narrow_environment_policy@@SAHXZ 0000000180064240     MSVCRTD:utility.obj
 0004:0000324c       $pdata$?is_potentially_valid_image_base@@YA_NQEAX@Z 000000018006424c     MSVCRTD:utility.obj
 0004:00003234       $pdata$?find_pe_section@@YAPEAU_IMAGE_SECTION_HEADER@@QEAE_K@Z 0000000180064234     MSVCRTD:utility.obj
 0004:00003210       $pdata$??$__crt_fast_decode_pointer@PEAP6AXXZ@@YAPEAP6AXXZQEAP6AXXZ@Z 0000000180064210     MSVCRTD:utility.obj
 0004:0000321c       $pdata$??$__crt_fast_encode_pointer@PEAP6AXXZ@@YAPEAP6AXXZQEAP6AXXZ@Z 000000018006421c     MSVCRTD:utility.obj
 0004:00003324       $pdata$__scrt_get_show_window_mode 0000000180064324     MSVCRTD:utility_desktop.obj
 0004:0000333c       $pdata$__scrt_is_managed_app 000000018006433c     MSVCRTD:utility_desktop.obj
 0004:00003330       $pdata$__scrt_initialize_mta 0000000180064330     MSVCRTD:utility_desktop.obj
 0004:00003348       $pdata$__scrt_set_unhandled_exception_filter 0000000180064348     MSVCRTD:utility_desktop.obj
 0004:00003318       $pdata$__scrt_fastfail     0000000180064318     MSVCRTD:utility_desktop.obj
 0004:00003354       $pdata$__scrt_unhandled_exception_filter 0000000180064354     MSVCRTD:utility_desktop.obj
 0004:00003360       $pdata$_RTC_Initialize     0000000180064360     MSVCRTD:initsect.obj
 0004:0000336c       $pdata$_RTC_Terminate      000000018006436c     MSVCRTD:initsect.obj
 0004:000033fc       $pdata$_RTC_UninitUse      00000001800643fc     MSVCRTD:error.obj
 0004:000033b4       $pdata$?_RTC_StackFailure@@YAXPEAXPEBD@Z 00000001800643b4     MSVCRTD:error.obj
 0004:00003390       $pdata$?_RTC_AllocaFailure@@YAXPEAXPEAU_RTC_ALLOCA_NODE@@H@Z 0000000180064390     MSVCRTD:error.obj
 0004:0000339c       $pdata$0$?_RTC_AllocaFailure@@YAXPEAXPEAU_RTC_ALLOCA_NODE@@H@Z 000000018006439c     MSVCRTD:error.obj
 0004:000033a8       $pdata$1$?_RTC_AllocaFailure@@YAXPEAXPEAU_RTC_ALLOCA_NODE@@H@Z 00000001800643a8     MSVCRTD:error.obj
 0004:00003408       $pdata$_vsprintf_s_l       0000000180064408     MSVCRTD:error.obj
 0004:00003414       $pdata$sprintf_s           0000000180064414     MSVCRTD:error.obj
 0004:000033f0       $pdata$?notify_debugger@@YAXAEBUtagEXCEPTION_VISUALCPP_DEBUG_INFO@@@Z 00000001800643f0     MSVCRTD:error.obj
 0004:0000351c       $pdata$?filt$0@?0??notify_debugger@@YAXAEBUtagEXCEPTION_VISUALCPP_DEBUG_INFO@@@Z@4HA 000000018006451c     MSVCRTD:error.obj
 0004:00003378       $pdata$?DebuggerProbe@@YA_NK@Z 0000000180064378     MSVCRTD:error.obj
 0004:00003384       $pdata$?DebuggerRuntime@@YA_NKHPEAXPEB_W@Z 0000000180064384     MSVCRTD:error.obj
 0004:000033e4       $pdata$?failwithmessage@@YAXPEAXHHPEBD@Z 00000001800643e4     MSVCRTD:error.obj
 0004:000033c0       $pdata$?_getMemBlockDataString@@YAXPEAD0PEBD_K@Z 00000001800643c0     MSVCRTD:error.obj
 0004:000033cc       $pdata$3$?_getMemBlockDataString@@YAXPEAD0PEBD_K@Z 00000001800643cc     MSVCRTD:error.obj
 0004:000033d8       $pdata$4$?_getMemBlockDataString@@YAXPEAD0PEBD_K@Z 00000001800643d8     MSVCRTD:error.obj
 0004:00003420       $pdata$__isa_available_init 0000000180064420     MSVCRTD:cpu_disp.obj
 0004:0000342c       $pdata$__scrt_is_ucrt_dll_in_use 000000018006442c     MSVCRTD:ucrt_detection.obj
 0004:0000345c       $pdata$?_RTC_GetSrcLine@@YAHPEAEPEA_WKPEAH1K@Z 000000018006445c     MSVCRTD:pdblkup.obj
 0004:00003444       $pdata$?GetPdbDllFromInstallPath@@YAPEAUHINSTANCE__@@XZ 0000000180064444     MSVCRTD:pdblkup.obj
 0004:00003450       $pdata$?GetPdbDllPathFromFilePath@@YAHPEB_WPEA_W_K@Z 0000000180064450     MSVCRTD:pdblkup.obj
 0004:00003438       $pdata$?GetPdbDll@@YAPEAUHINSTANCE__@@XZ 0000000180064438     MSVCRTD:pdblkup.obj
 0004:00003474       $pdata$__GSHandlerCheckCommon 0000000180064474     MSVCRTD:gshandler.obj
 0004:00003468       $pdata$__GSHandlerCheck    0000000180064468     MSVCRTD:gshandler.obj
 0004:000034b0       $pdata$__report_securityfailure 00000001800644b0     MSVCRTD:gs_report.obj
 0004:000034bc       $pdata$__report_securityfailureEx 00000001800644bc     MSVCRTD:gs_report.obj
 0004:000034a4       $pdata$__report_rangecheckfailure 00000001800644a4     MSVCRTD:gs_report.obj
 0004:00003498       $pdata$__report_gsfailure  0000000180064498     MSVCRTD:gs_report.obj
 0004:000034c8       $pdata$capture_current_context 00000001800644c8     MSVCRTD:gs_report.obj
 0004:000034d4       $pdata$capture_previous_context 00000001800644d4     MSVCRTD:gs_report.obj
 0004:0000348c       $pdata$__raise_securityfailure 000000018006448c     MSVCRTD:gs_report.obj
 0005:000000a0       $R000000                   00000001800650a0     PhysXCooking.res
 0005:000003d0       $R000330                   00000001800653d0     PhysXCooking.res
